<html>
<body>
<pre>
<h1>µVision Build Log</h1>
<h2>Tool Versions:</h2>
IDE-Version: µVision V5.31.0.0
Copyright (C) 2020 ARM Ltd and ARM Germany GmbH. All rights reserved.
License Information: Pham Duc Thang, thangpro, LIC=HN0AE-5NAAU-DYQV3-ANBS5-KZDP7-NZWRT
 
Tool Versions:
Toolchain:       MDK-ARM Plus  Version: 5.31.0.0
Toolchain Path:  C:\Keil_v5\ARM\ARMCC\Bin
C Compiler:      Armcc.exe V5.06 update 6 (build 750)
Assembler:       Armasm.exe V5.06 update 6 (build 750)
Linker/Locator:  ArmLink.exe V5.06 update 6 (build 750)
Library Manager: ArmAr.exe V5.06 update 6 (build 750)
Hex Converter:   FromElf.exe V5.06 update 6 (build 750)
CPU DLL:         SARMCM3.DLL V5.31.0.0
Dialog DLL:      DCM.DLL V1.17.3.0
Target DLL:      STLink\ST-LINKIII-KEIL_SWO.dll V3.0.7.0
Dialog DLL:      TCM.DLL V1.46.0.0
 
<h2>Project:</h2>
C:\Users\Thang\OneDrive\Documents\LAPTRINH_STM32\TIMER2\MDK-ARM\TIMER2.uvprojx
Project File Date:  11/28/2023

<h2>Output:</h2>
*** Using Compiler 'V5.06 update 6 (build 750)', folder: 'C:\Keil_v5\ARM\ARMCC\Bin'
Build target 'TIMER2'
compiling main.c...
../Core/Src/matrix.c(134): warning:  #111-D: statement is unreachable
          return;
../Core/Src/matrix.c(163): warning:  #111-D: statement is unreachable
          return;
../Core/Src/matrix.c(196): warning:  #1-D: last line of file ends without a newline
  }
../Core/Inc/font.h(155): warning:  #1-D: last line of file ends without a newline
  };
../Core/Src/main.c(23): warning:  #1295-D: Deprecated declaration dongho_kim - give arg types
  void dongho_kim();
../Core/Src/main.c(220): warning:  #223-D: function "sprintf" declared implicitly
  		sprintf(a,"%d",j++);
../Core/Src/main.c(299): warning:  #177-D: variable "minute"  was declared but never referenced
  	int8_t minute=30;
../Core/Src/main.c(300): warning:  #177-D: variable "second"  was declared but never referenced
  	int8_t second=10;
../Core/Src/main.c(323): warning:  #223-D: function "sprintf" declared implicitly
  	sprintf(gpg, "%02d", sTime.Hours);
../Core/Src/main.c(397): warning:  #223-D: function "sprintf" declared implicitly
  		sprintf(ntn, "%02d-%02d-", ngay_ht, thang_ht);
../Core/Src/main.c(417): warning:  #223-D: function "sprintf" declared implicitly
  		sprintf(gpg, "%02d", gio_ht);
../Core/Src/main.c(1254): warning:  #223-D: function "HAL_TIM_MspPostInit" declared implicitly
    HAL_TIM_MspPostInit(&htim3);
../Core/Src/main.c: 12 warnings, 0 errors
linking...
Program Size: Code=30020 RO-data=1968 RW-data=96 ZI-data=30688  
FromELF: creating hex file...
"TIMER2\TIMER2.axf" - 0 Error(s), 12 Warning(s).

<h2>Software Packages used:</h2>

Package Vendor: ARM
                http://www.keil.com/pack/ARM.CMSIS.5.7.0.pack
                ARM.CMSIS.5.7.0
                CMSIS (Cortex Microcontroller Software Interface Standard)
   * Component: CORE Version: 5.4.0

Package Vendor: Keil
                https://www.keil.com/pack/Keil.STM32F4xx_DFP.2.17.1.pack
                Keil.STM32F4xx_DFP.2.17.1
                STMicroelectronics STM32F4 Series Device Support, Drivers and Examples

<h2>Collection of Component include folders:</h2>
  .\RTE\_TIMER2
  C:\Users\Thang\AppData\Local\Arm\Packs\ARM\CMSIS\5.7.0\CMSIS\Core\Include
  C:\Users\Thang\AppData\Local\Arm\Packs\Keil\STM32F4xx_DFP\2.17.1\Drivers\CMSIS\Device\ST\STM32F4xx\Include

<h2>Collection of Component Files used:</h2>

   * Component: ARM::CMSIS:CORE:5.4.0
      Include file:  CMSIS\Core\Include\tz_context.h
Build Time Elapsed:  00:00:02
</pre>
</body>
</html>
