Component: ARM Compiler 5.06 update 6 (build 750) Tool: armlink [4d35ed]

==============================================================================

Section Cross References

    startup_stm32f407xx.o(STACK) refers (Special) to heapauxi.o(.text) for __use_two_region_memory
    startup_stm32f407xx.o(HEAP) refers (Special) to heapauxi.o(.text) for __use_two_region_memory
    startup_stm32f407xx.o(RESET) refers (Special) to heapauxi.o(.text) for __use_two_region_memory
    startup_stm32f407xx.o(RESET) refers to startup_stm32f407xx.o(STACK) for __initial_sp
    startup_stm32f407xx.o(RESET) refers to startup_stm32f407xx.o(.text) for Reset_Handler
    startup_stm32f407xx.o(RESET) refers to stm32f4xx_it.o(i.NMI_Handler) for NMI_Handler
    startup_stm32f407xx.o(RESET) refers to stm32f4xx_it.o(i.HardFault_Handler) for HardFault_Handler
    startup_stm32f407xx.o(RESET) refers to stm32f4xx_it.o(i.MemManage_Handler) for MemManage_Handler
    startup_stm32f407xx.o(RESET) refers to stm32f4xx_it.o(i.BusFault_Handler) for BusFault_Handler
    startup_stm32f407xx.o(RESET) refers to stm32f4xx_it.o(i.UsageFault_Handler) for UsageFault_Handler
    startup_stm32f407xx.o(RESET) refers to stm32f4xx_it.o(i.SVC_Handler) for SVC_Handler
    startup_stm32f407xx.o(RESET) refers to stm32f4xx_it.o(i.DebugMon_Handler) for DebugMon_Handler
    startup_stm32f407xx.o(RESET) refers to stm32f4xx_it.o(i.PendSV_Handler) for PendSV_Handler
    startup_stm32f407xx.o(RESET) refers to stm32f4xx_it.o(i.SysTick_Handler) for SysTick_Handler
    startup_stm32f407xx.o(RESET) refers to stm32f4xx_it.o(i.EXTI0_IRQHandler) for EXTI0_IRQHandler
    startup_stm32f407xx.o(RESET) refers to stm32f4xx_it.o(i.EXTI2_IRQHandler) for EXTI2_IRQHandler
    startup_stm32f407xx.o(RESET) refers to stm32f4xx_it.o(i.EXTI3_IRQHandler) for EXTI3_IRQHandler
    startup_stm32f407xx.o(RESET) refers to stm32f4xx_it.o(i.EXTI4_IRQHandler) for EXTI4_IRQHandler
    startup_stm32f407xx.o(RESET) refers to stm32f4xx_it.o(i.TIM2_IRQHandler) for TIM2_IRQHandler
    startup_stm32f407xx.o(RESET) refers to stm32f4xx_it.o(i.USART1_IRQHandler) for USART1_IRQHandler
    startup_stm32f407xx.o(RESET) refers to stm32f4xx_it.o(i.RTC_Alarm_IRQHandler) for RTC_Alarm_IRQHandler
    startup_stm32f407xx.o(.text) refers (Special) to heapauxi.o(.text) for __use_two_region_memory
    startup_stm32f407xx.o(.text) refers to system_stm32f4xx.o(i.SystemInit) for SystemInit
    startup_stm32f407xx.o(.text) refers to __main.o(!!!main) for __main
    startup_stm32f407xx.o(.text) refers to startup_stm32f407xx.o(HEAP) for Heap_Mem
    startup_stm32f407xx.o(.text) refers to startup_stm32f407xx.o(STACK) for Stack_Mem
    main.o(i.GrTriangleDrawFill) refers to main.o(i.glcd_line) for glcd_line
    main.o(i.HAL_GPIO_EXTI_Callback) refers to stm32f4xx_hal.o(i.HAL_GetTick) for HAL_GetTick
    main.o(i.HAL_GPIO_EXTI_Callback) refers to stm32f4xx_hal_rtc_ex.o(i.HAL_RTCEx_BKUPRead) for HAL_RTCEx_BKUPRead
    main.o(i.HAL_GPIO_EXTI_Callback) refers to main.o(i.set_time) for set_time
    main.o(i.HAL_GPIO_EXTI_Callback) refers to main.o(.bss) for .bss
    main.o(i.HAL_GPIO_EXTI_Callback) refers to main.o(.data) for .data
    main.o(i.HAL_TIM_PeriodElapsedCallback) refers to main.o(i.xuatmaled) for xuatmaled
    main.o(i.HAL_UART_RxCpltCallback) refers to main.o(i.Update_time_esp) for Update_time_esp
    main.o(i.HAL_UART_RxCpltCallback) refers to stm32f4xx_hal_uart.o(i.HAL_UART_Receive_IT) for HAL_UART_Receive_IT
    main.o(i.HAL_UART_RxCpltCallback) refers to main.o(.bss) for .bss
    main.o(i.HAL_UART_RxCpltCallback) refers to main.o(.data) for .data
    main.o(i.MX_GPIO_Init) refers to rt_memclr_w.o(.text) for __aeabi_memclr4
    main.o(i.MX_GPIO_Init) refers to stm32f4xx_hal_gpio.o(i.HAL_GPIO_WritePin) for HAL_GPIO_WritePin
    main.o(i.MX_GPIO_Init) refers to stm32f4xx_hal_gpio.o(i.HAL_GPIO_Init) for HAL_GPIO_Init
    main.o(i.MX_GPIO_Init) refers to stm32f4xx_hal_cortex.o(i.HAL_NVIC_SetPriority) for HAL_NVIC_SetPriority
    main.o(i.MX_GPIO_Init) refers to stm32f4xx_hal_cortex.o(i.HAL_NVIC_EnableIRQ) for HAL_NVIC_EnableIRQ
    main.o(i.MX_RTC_Init) refers to stm32f4xx_hal_rtc.o(i.HAL_RTC_Init) for HAL_RTC_Init
    main.o(i.MX_RTC_Init) refers to stm32f4xx_hal_rtc_ex.o(i.HAL_RTCEx_BKUPWrite) for HAL_RTCEx_BKUPWrite
    main.o(i.MX_RTC_Init) refers to stm32f4xx_hal_rtc_ex.o(i.HAL_RTCEx_BKUPRead) for HAL_RTCEx_BKUPRead
    main.o(i.MX_RTC_Init) refers to stm32f4xx_hal_rtc_ex.o(i.HAL_RTCEx_EnableBypassShadow) for HAL_RTCEx_EnableBypassShadow
    main.o(i.MX_RTC_Init) refers to main.o(i.set_time) for set_time
    main.o(i.MX_RTC_Init) refers to main.o(.bss) for .bss
    main.o(i.MX_TIM2_Init) refers to stm32f4xx_hal_tim.o(i.HAL_TIM_Base_Init) for HAL_TIM_Base_Init
    main.o(i.MX_TIM2_Init) refers to stm32f4xx_hal_tim.o(i.HAL_TIM_ConfigClockSource) for HAL_TIM_ConfigClockSource
    main.o(i.MX_TIM2_Init) refers to stm32f4xx_hal_tim_ex.o(i.HAL_TIMEx_MasterConfigSynchronization) for HAL_TIMEx_MasterConfigSynchronization
[...]
    _printf_c                                0x08000271   Thumb Code     0  _printf_c.o(.ARM.Collect$$_printf_percent$$00000013)
    _printf_s                                0x08000277   Thumb Code     0  _printf_s.o(.ARM.Collect$$_printf_percent$$00000014)
    _printf_lc                               0x0800027d   Thumb Code     0  _printf_lc.o(.ARM.Collect$$_printf_percent$$00000015)
    _printf_ls                               0x08000283   Thumb Code     0  _printf_ls.o(.ARM.Collect$$_printf_percent$$00000016)
    _printf_percent_end                      0x08000289   Thumb Code     0  _printf_percent_end.o(.ARM.Collect$$_printf_percent$$00000017)
    __rt_lib_init                            0x0800028d   Thumb Code     0  libinit.o(.ARM.Collect$$libinit$$00000000)
    __rt_lib_init_fp_1                       0x0800028f   Thumb Code     0  libinit2.o(.ARM.Collect$$libinit$$00000001)
    __rt_lib_init_heap_1                     0x08000293   Thumb Code     0  libinit2.o(.ARM.Collect$$libinit$$0000000A)
    __rt_lib_init_lc_common                  0x08000293   Thumb Code     0  libinit2.o(.ARM.Collect$$libinit$$0000000F)
    __rt_lib_init_preinit_1                  0x08000293   Thumb Code     0  libinit2.o(.ARM.Collect$$libinit$$00000004)
    __rt_lib_init_rand_1                     0x08000293   Thumb Code     0  libinit2.o(.ARM.Collect$$libinit$$0000000E)
    __rt_lib_init_user_alloc_1               0x08000293   Thumb Code     0  libinit2.o(.ARM.Collect$$libinit$$0000000C)
    __rt_lib_init_lc_collate_1               0x08000299   Thumb Code     0  libinit2.o(.ARM.Collect$$libinit$$00000011)
    __rt_lib_init_lc_ctype_2                 0x08000299   Thumb Code     0  libinit2.o(.ARM.Collect$$libinit$$00000012)
    __rt_lib_init_lc_ctype_1                 0x080002a5   Thumb Code     0  libinit2.o(.ARM.Collect$$libinit$$00000013)
    __rt_lib_init_lc_monetary_1              0x080002a5   Thumb Code     0  libinit2.o(.ARM.Collect$$libinit$$00000015)
    __rt_lib_init_lc_numeric_2               0x080002a5   Thumb Code     0  libinit2.o(.ARM.Collect$$libinit$$00000016)
    __rt_lib_init_alloca_1                   0x080002af   Thumb Code     0  libinit2.o(.ARM.Collect$$libinit$$0000002E)
    __rt_lib_init_argv_1                     0x080002af   Thumb Code     0  libinit2.o(.ARM.Collect$$libinit$$0000002C)
    __rt_lib_init_atexit_1                   0x080002af   Thumb Code     0  libinit2.o(.ARM.Collect$$libinit$$0000001B)
    __rt_lib_init_clock_1                    0x080002af   Thumb Code     0  libinit2.o(.ARM.Collect$$libinit$$00000021)
    __rt_lib_init_cpp_1                      0x080002af   Thumb Code     0  libinit2.o(.ARM.Collect$$libinit$$00000032)
    __rt_lib_init_exceptions_1               0x080002af   Thumb Code     0  libinit2.o(.ARM.Collect$$libinit$$00000030)
    __rt_lib_init_fp_trap_1                  0x080002af   Thumb Code     0  libinit2.o(.ARM.Collect$$libinit$$0000001F)
    __rt_lib_init_getenv_1                   0x080002af   Thumb Code     0  libinit2.o(.ARM.Collect$$libinit$$00000023)
    __rt_lib_init_lc_numeric_1               0x080002af   Thumb Code     0  libinit2.o(.ARM.Collect$$libinit$$00000017)
    __rt_lib_init_lc_time_1                  0x080002af   Thumb Code     0  libinit2.o(.ARM.Collect$$libinit$$00000019)
    __rt_lib_init_return                     0x080002af   Thumb Code     0  libinit2.o(.ARM.Collect$$libinit$$00000033)
    __rt_lib_init_signal_1                   0x080002af   Thumb Code     0  libinit2.o(.ARM.Collect$$libinit$$0000001D)
    __rt_lib_init_stdio_1                    0x080002af   Thumb Code     0  libinit2.o(.ARM.Collect$$libinit$$00000025)
    __rt_lib_shutdown                        0x080002b1   Thumb Code     0  libshutdown.o(.ARM.Collect$$libshutdown$$00000000)
    __rt_lib_shutdown_cpp_1                  0x080002b3   Thumb Code     0  libshutdown2.o(.ARM.Collect$$libshutdown$$00000002)
    __rt_lib_shutdown_fp_trap_1              0x080002b3   Thumb Code     0  libshutdown2.o(.ARM.Collect$$libshutdown$$00000007)
    __rt_lib_shutdown_heap_1                 0x080002b3   Thumb Code     0  libshutdown2.o(.ARM.Collect$$libshutdown$$0000000F)
    __rt_lib_shutdown_return                 0x080002b3   Thumb Code     0  libshutdown2.o(.ARM.Collect$$libshutdown$$00000010)
    __rt_lib_shutdown_signal_1               0x080002b3   Thumb Code     0  libshutdown2.o(.ARM.Collect$$libshutdown$$0000000A)
    __rt_lib_shutdown_stdio_1                0x080002b3   Thumb Code     0  libshutdown2.o(.ARM.Collect$$libshutdown$$00000004)
    __rt_lib_shutdown_user_alloc_1           0x080002b3   Thumb Code     0  libshutdown2.o(.ARM.Collect$$libshutdown$$0000000C)
    __rt_entry                               0x080002b5   Thumb Code     0  __rtentry.o(.ARM.Collect$$rtentry$$00000000)
    __rt_entry_presh_1                       0x080002b5   Thumb Code     0  __rtentry2.o(.ARM.Collect$$rtentry$$00000002)
    __rt_entry_sh                            0x080002b5   Thumb Code     0  __rtentry4.o(.ARM.Collect$$rtentry$$00000004)
    __rt_entry_li                            0x080002bb   Thumb Code     0  __rtentry2.o(.ARM.Collect$$rtentry$$0000000A)
    __rt_entry_postsh_1                      0x080002bb   Thumb Code     0  __rtentry2.o(.ARM.Collect$$rtentry$$00000009)
    __rt_entry_main                          0x080002bf   Thumb Code     0  __rtentry2.o(.ARM.Collect$$rtentry$$0000000D)
    __rt_entry_postli_1                      0x080002bf   Thumb Code     0  __rtentry2.o(.ARM.Collect$$rtentry$$0000000C)
    __rt_exit                                0x080002c7   Thumb Code     0  rtexit.o(.ARM.Collect$$rtexit$$00000000)
    __rt_exit_ls                             0x080002c9   Thumb Code     0  rtexit2.o(.ARM.Collect$$rtexit$$00000003)
    __rt_exit_prels_1                        0x080002c9   Thumb Code     0  rtexit2.o(.ARM.Collect$$rtexit$$00000002)
    __rt_exit_exit                           0x080002cd   Thumb Code     0  rtexit2.o(.ARM.Collect$$rtexit$$00000004)
    Reset_Handler                            0x080002d5   Thumb Code     8  startup_stm32f407xx.o(.text)
    ADC_IRQHandler                           0x080002ef   Thumb Code     0  startup_stm32f407xx.o(.text)
    CAN1_RX0_IRQHandler                      0x080002ef   Thumb Code     0  startup_stm32f407xx.o(.text)
    CAN1_RX1_IRQHandler                      0x080002ef   Thumb Code     0  startup_stm32f407xx.o(.text)
    CAN1_SCE_IRQHandler                      0x080002ef   Thumb Code     0  startup_stm32f407xx.o(.text)
    CAN1_TX_IRQHandler                       0x080002ef   Thumb Code     0  startup_stm32f407xx.o(.text)
    CAN2_RX0_IRQHandler                      0x080002ef   Thumb Code     0  startup_stm32f407xx.o(.text)
    CAN2_RX1_IRQHandler                      0x080002ef   Thumb Code     0  startup_stm32f407xx.o(.text)
    CAN2_SCE_IRQHandler                      0x080002ef   Thumb Code     0  startup_stm32f407xx.o(.text)
    CAN2_TX_IRQHandler                       0x080002ef   Thumb Code     0  startup_stm32f407xx.o(.text)
    DCMI_IRQHandler                          0x080002ef   Thumb Code     0  startup_stm32f407xx.o(.text)
    DMA1_Stream0_IRQHandler                  0x080002ef   Thumb Code     0  startup_stm32f407xx.o(.text)
    DMA1_Stream1_IRQHandler                  0x080002ef   Thumb Code     0  startup_stm32f407xx.o(.text)
    DMA1_Stream2_IRQHandler                  0x080002ef   Thumb Code     0  startup_stm32f407xx.o(.text)
    DMA1_Stream3_IRQHandler                  0x080002ef   Thumb Code     0  startup_stm32f407xx.o(.text)
    DMA1_Stream4_IRQHandler                  0x080002ef   Thumb Code     0  startup_stm32f407xx.o(.text)
    DMA1_Stream5_IRQHandler                  0x080002ef   Thumb Code     0  startup_stm32f407xx.o(.text)
    DMA1_Stream6_IRQHandler                  0x080002ef   Thumb Code     0  startup_stm32f407xx.o(.text)
    DMA1_Stream7_IRQHandler                  0x080002ef   Thumb Code     0  startup_stm32f407xx.o(.text)
    DMA2_Stream0_IRQHandler                  0x080002ef   Thumb Code     0  startup_stm32f407xx.o(.text)
    DMA2_Stream1_IRQHandler                  0x080002ef   Thumb Code     0  startup_stm32f407xx.o(.text)
    DMA2_Stream2_IRQHandler                  0x080002ef   Thumb Code     0  startup_stm32f407xx.o(.text)
    DMA2_Stream3_IRQHandler                  0x080002ef   Thumb Code     0  startup_stm32f407xx.o(.text)
    DMA2_Stream4_IRQHandler                  0x080002ef   Thumb Code     0  startup_stm32f407xx.o(.text)
    DMA2_Stream5_IRQHandler                  0x080002ef   Thumb Code     0  startup_stm32f407xx.o(.text)
    DMA2_Stream6_IRQHandler                  0x080002ef   Thumb Code     0  startup_stm32f407xx.o(.text)
    DMA2_Stream7_IRQHandler                  0x080002ef   Thumb Code     0  startup_stm32f407xx.o(.text)
    ETH_IRQHandler                           0x080002ef   Thumb Code     0  startup_stm32f407xx.o(.text)
    ETH_WKUP_IRQHandler                      0x080002ef   Thumb Code     0  startup_stm32f407xx.o(.text)
    EXTI15_10_IRQHandler                     0x080002ef   Thumb Code     0  startup_stm32f407xx.o(.text)
    EXTI1_IRQHandler                         0x080002ef   Thumb Code     0  startup_stm32f407xx.o(.text)
    EXTI9_5_IRQHandler                       0x080002ef   Thumb Code     0  startup_stm32f407xx.o(.text)
    FLASH_IRQHandler                         0x080002ef   Thumb Code     0  startup_stm32f407xx.o(.text)
    FMC_IRQHandler                           0x080002ef   Thumb Code     0  startup_stm32f407xx.o(.text)
    FPU_IRQHandler                           0x080002ef   Thumb Code     0  startup_stm32f407xx.o(.text)
    HASH_RNG_IRQHandler                      0x080002ef   Thumb Code     0  startup_stm32f407xx.o(.text)
    I2C1_ER_IRQHandler                       0x080002ef   Thumb Code     0  startup_stm32f407xx.o(.text)
    I2C1_EV_IRQHandler                       0x080002ef   Thumb Code     0  startup_stm32f407xx.o(.text)
    I2C2_ER_IRQHandler                       0x080002ef   Thumb Code     0  startup_stm32f407xx.o(.text)
    I2C2_EV_IRQHandler                       0x080002ef   Thumb Code     0  startup_stm32f407xx.o(.text)
    I2C3_ER_IRQHandler                       0x080002ef   Thumb Code     0  startup_stm32f407xx.o(.text)
    I2C3_EV_IRQHandler                       0x080002ef   Thumb Code     0  startup_stm32f407xx.o(.text)
    OTG_FS_IRQHandler                        0x080002ef   Thumb Code     0  startup_stm32f407xx.o(.text)
    OTG_FS_WKUP_IRQHandler                   0x080002ef   Thumb Code     0  startup_stm32f407xx.o(.text)
    OTG_HS_EP1_IN_IRQHandler                 0x080002ef   Thumb Code     0  startup_stm32f407xx.o(.text)
    OTG_HS_EP1_OUT_IRQHandler                0x080002ef   Thumb Code     0  startup_stm32f407xx.o(.text)
    OTG_HS_IRQHandler                        0x080002ef   Thumb Code     0  startup_stm32f407xx.o(.text)
    OTG_HS_WKUP_IRQHandler                   0x080002ef   Thumb Code     0  startup_stm32f407xx.o(.text)
    PVD_IRQHandler                           0x080002ef   Thumb Code     0  startup_stm32f407xx.o(.text)
    RCC_IRQHandler                           0x080002ef   Thumb Code     0  startup_stm32f407xx.o(.text)
    RTC_WKUP_IRQHandler                      0x080002ef   Thumb Code     0  startup_stm32f407xx.o(.text)
    SDIO_IRQHandler                          0x080002ef   Thumb Code     0  startup_stm32f407xx.o(.text)
    SPI1_IRQHandler                          0x080002ef   Thumb Code     0  startup_stm32f407xx.o(.text)
    SPI2_IRQHandler                          0x080002ef   Thumb Code     0  startup_stm32f407xx.o(.text)
    SPI3_IRQHandler                          0x080002ef   Thumb Code     0  startup_stm32f407xx.o(.text)
    TAMP_STAMP_IRQHandler                    0x080002ef   Thumb Code     0  startup_stm32f407xx.o(.text)
    TIM1_BRK_TIM9_IRQHandler                 0x080002ef   Thumb Code     0  startup_stm32f407xx.o(.text)
    TIM1_CC_IRQHandler                       0x080002ef   Thumb Code     0  startup_stm32f407xx.o(.text)
    TIM1_TRG_COM_TIM11_IRQHandler            0x080002ef   Thumb Code     0  startup_stm32f407xx.o(.text)
    TIM1_UP_TIM10_IRQHandler                 0x080002ef   Thumb Code     0  startup_stm32f407xx.o(.text)
    TIM3_IRQHandler                          0x080002ef   Thumb Code     0  startup_stm32f407xx.o(.text)
    TIM4_IRQHandler                          0x080002ef   Thumb Code     0  startup_stm32f407xx.o(.text)
    TIM5_IRQHandler                          0x080002ef   Thumb Code     0  startup_stm32f407xx.o(.text)
    TIM6_DAC_IRQHandler                      0x080002ef   Thumb Code     0  startup_stm32f407xx.o(.text)
    TIM7_IRQHandler                          0x080002ef   Thumb Code     0  startup_stm32f407xx.o(.text)
    TIM8_BRK_TIM12_IRQHandler                0x080002ef   Thumb Code     0  startup_stm32f407xx.o(.text)
    TIM8_CC_IRQHandler                       0x080002ef   Thumb Code     0  startup_stm32f407xx.o(.text)
    TIM8_TRG_COM_TIM14_IRQHandler            0x080002ef   Thumb Code     0  startup_stm32f407xx.o(.text)
    TIM8_UP_TIM13_IRQHandler                 0x080002ef   Thumb Code     0  startup_stm32f407xx.o(.text)
    UART4_IRQHandler                         0x080002ef   Thumb Code     0  startup_stm32f407xx.o(.text)
    UART5_IRQHandler                         0x080002ef   Thumb Code     0  startup_stm32f407xx.o(.text)
    USART2_IRQHandler                        0x080002ef   Thumb Code     0  startup_stm32f407xx.o(.text)
    USART3_IRQHandler                        0x080002ef   Thumb Code     0  startup_stm32f407xx.o(.text)
    USART6_IRQHandler                        0x080002ef   Thumb Code     0  startup_stm32f407xx.o(.text)
    WWDG_IRQHandler                          0x080002ef   Thumb Code     0  startup_stm32f407xx.o(.text)
    __user_initial_stackheap                 0x080002f1   Thumb Code     0  startup_stm32f407xx.o(.text)
    __aeabi_uldivmod                         0x08000315   Thumb Code     0  lludivv7m.o(.text)
    _ll_udiv                                 0x08000315   Thumb Code   238  lludivv7m.o(.text)
    sprintf                                  0x08000405   Thumb Code    38  sprintf.o(.text)
    __2sprintf                               0x08000431   Thumb Code    38  __2sprintf.o(.text)
    _printf_pre_padding                      0x0800045d   Thumb Code    44  _printf_pad.o(.text)
    _printf_post_padding                     0x08000489   Thumb Code    34  _printf_pad.o(.text)
    _printf_int_dec                          0x080004ad   Thumb Code   104  _printf_dec.o(.text)
    __printf                                 0x08000525   Thumb Code   388  __printf_flags_ss_wp.o(.text)
    __aeabi_memcpy4                          0x080006ad   Thumb Code     0  rt_memcpy_w.o(.text)
    __aeabi_memcpy8                          0x080006ad   Thumb Code     0  rt_memcpy_w.o(.text)
    __rt_memcpy_w                            0x080006ad   Thumb Code   100  rt_memcpy_w.o(.text)
    _memcpy_lastbytes_aligned                0x080006f5   Thumb Code     0  rt_memcpy_w.o(.text)
    __aeabi_memclr4                          0x08000711   Thumb Code     0  rt_memclr_w.o(.text)
    __aeabi_memclr8                          0x08000711   Thumb Code     0  rt_memclr_w.o(.text)
    __rt_memclr_w                            0x08000711   Thumb Code    78  rt_memclr_w.o(.text)
    _memset_w                                0x08000715   Thumb Code     0  rt_memclr_w.o(.text)
    __use_two_region_memory                  0x0800075f   Thumb Code     2  heapauxi.o(.text)
    __rt_heap_escrow$2region                 0x08000761   Thumb Code     2  heapauxi.o(.text)
    __rt_heap_expand$2region                 0x08000763   Thumb Code     2  heapauxi.o(.text)
    __read_errno                             0x08000765   Thumb Code    10  _rserrno.o(.text)
    __set_errno                              0x0800076f   Thumb Code    12  _rserrno.o(.text)
    _printf_truncate_signed                  0x0800077b   Thumb Code    18  _printf_truncate.o(.text)
    _printf_truncate_unsigned                0x0800078d   Thumb Code    18  _printf_truncate.o(.text)
    _printf_str                              0x0800079f   Thumb Code    82  _printf_str.o(.text)
    _printf_int_common                       0x080007f1   Thumb Code   178  _printf_intcommon.o(.text)
    _printf_charcount                        0x080008a3   Thumb Code    40  _printf_charcount.o(.text)
    _printf_char_common                      0x080008d7   Thumb Code    32  _printf_char_common.o(.text)
    _sputc                                   0x080008fd   Thumb Code    10  _sputc.o(.text)
    _printf_wctomb                           0x08000909   Thumb Code   182  _printf_wctomb.o(.text)
    _printf_longlong_dec                     0x080009c5   Thumb Code   108  _printf_longlong_dec.o(.text)
    _printf_longlong_oct                     0x08000a41   Thumb Code    66  _printf_oct_int_ll.o(.text)
    _printf_int_oct                          0x08000a83   Thumb Code    24  _printf_oct_int_ll.o(.text)
    _printf_ll_oct                           0x08000a9b   Thumb Code    12  _printf_oct_int_ll.o(.text)
    _printf_longlong_hex                     0x08000ab1   Thumb Code    86  _printf_hex_int_ll_ptr.o(.text)
    _printf_int_hex                          0x08000b07   Thumb Code    28  _printf_hex_int_ll_ptr.o(.text)
    _printf_ll_hex                           0x08000b23   Thumb Code    12  _printf_hex_int_ll_ptr.o(.text)
    _printf_hex_ptr                          0x08000b2f   Thumb Code    18  _printf_hex_int_ll_ptr.o(.text)
    __aeabi_errno_addr                       0x08000b45   Thumb Code     8  rt_errno_addr_intlibspace.o(.text)
    __errno$intlibspace                      0x08000b45   Thumb Code     0  rt_errno_addr_intlibspace.o(.text)
    __rt_errno_addr$intlibspace              0x08000b45   Thumb Code     0  rt_errno_addr_intlibspace.o(.text)
    _ll_udiv10                               0x08000b4d   Thumb Code   138  lludiv10.o(.text)
    __lib_sel_fp_printf                      0x08000bd7   Thumb Code     2  _printf_fp_dec.o(.text)
    _printf_fp_dec_real                      0x08000d89   Thumb Code   620  _printf_fp_dec.o(.text)
    _printf_fp_hex_real                      0x08000ff5   Thumb Code   756  _printf_fp_hex.o(.text)
    _printf_cs_common                        0x080012f1   Thumb Code    20  _printf_char.o(.text)
    _printf_char                             0x08001305   Thumb Code    16  _printf_char.o(.text)
    _printf_string                           0x08001315   Thumb Code     8  _printf_char.o(.text)
    _printf_lcs_common                       0x0800131d   Thumb Code    20  _printf_wchar.o(.text)
    _printf_wchar                            0x08001331   Thumb Code    16  _printf_wchar.o(.text)
    _printf_wstring                          0x08001341   Thumb Code     8  _printf_wchar.o(.text)
    _wcrtomb                                 0x08001349   Thumb Code    64  _wcrtomb.o(.text)
    __user_libspace                          0x08001389   Thumb Code     8  libspace.o(.text)
    __user_perproc_libspace                  0x08001389   Thumb Code     0  libspace.o(.text)
    __user_perthread_libspace                0x08001389   Thumb Code     0  libspace.o(.text)
    __user_setup_stackheap                   0x08001391   Thumb Code    74  sys_stackheap_outer.o(.text)
    __rt_ctype_table                         0x080013dd   Thumb Code    16  rt_ctype_table.o(.text)
    __rt_locale                              0x080013ed   Thumb Code     8  rt_locale_intlibspace.o(.text)
    _printf_fp_infnan                        0x080013f5   Thumb Code   112  _printf_fp_infnan.o(.text)
    _btod_etento                             0x08001475   Thumb Code   224  bigflt0.o(.text)
    exit                                     0x08001559   Thumb Code    18  exit.o(.text)
    strcmp                                   0x0800156d   Thumb Code   128  strcmpv7m.o(.text)
    _sys_exit                                0x080015ed   Thumb Code     8  sys_exit.o(.text)
    __I$use$semihosting                      0x080015f9   Thumb Code     0  use_no_semi.o(.text)
    __use_no_semihosting_swi                 0x080015f9   Thumb Code     2  use_no_semi.o(.text)
    __semihosting_library_function           0x080015fb   Thumb Code     0  indicate_semi.o(.text)
    _btod_d2e                                0x080015fb   Thumb Code    62  btod.o(CL$$btod_d2e)
    _d2e_denorm_low                          0x08001639   Thumb Code    70  btod.o(CL$$btod_d2e_denorm_low)
    _d2e_norm_op1                            0x0800167f   Thumb Code    96  btod.o(CL$$btod_d2e_norm_op1)
    __btod_div_common                        0x080016df   Thumb Code   696  btod.o(CL$$btod_div_common)
    _e2e                                     0x08001a17   Thumb Code   220  btod.o(CL$$btod_e2e)
    _btod_ediv                               0x08001af3   Thumb Code    42  btod.o(CL$$btod_ediv)
    _btod_emul                               0x08001b1d   Thumb Code    42  btod.o(CL$$btod_emul)
    __btod_mult_common                       0x08001b47   Thumb Code   580  btod.o(CL$$btod_mult_common)
    BusFault_Handler                         0x08001d8b   Thumb Code     2  stm32f4xx_it.o(i.BusFault_Handler)
    DebugMon_Handler                         0x08001d8d   Thumb Code     2  stm32f4xx_it.o(i.DebugMon_Handler)
    EXTI0_IRQHandler                         0x08001d8f   Thumb Code     6  stm32f4xx_it.o(i.EXTI0_IRQHandler)
    EXTI2_IRQHandler                         0x08001d95   Thumb Code     6  stm32f4xx_it.o(i.EXTI2_IRQHandler)
    EXTI3_IRQHandler                         0x08001d9b   Thumb Code     6  stm32f4xx_it.o(i.EXTI3_IRQHandler)
    EXTI4_IRQHandler                         0x08001da1   Thumb Code     6  stm32f4xx_it.o(i.EXTI4_IRQHandler)
    Error_Handler                            0x08001da7   Thumb Code     4  main.o(i.Error_Handler)
    GrTriangleDrawFill                       0x08001dad   Thumb Code   338  main.o(i.GrTriangleDrawFill)
    HAL_DMA_Abort                            0x08001eff   Thumb Code   146  stm32f4xx_hal_dma.o(i.HAL_DMA_Abort)
    HAL_DMA_Abort_IT                         0x08001f91   Thumb Code    36  stm32f4xx_hal_dma.o(i.HAL_DMA_Abort_IT)
    HAL_Delay                                0x08001fb5   Thumb Code    32  stm32f4xx_hal.o(i.HAL_Delay)
    HAL_GPIO_EXTI_Callback                   0x08001fd9   Thumb Code   610  main.o(i.HAL_GPIO_EXTI_Callback)
    HAL_GPIO_EXTI_IRQHandler                 0x08002249   Thumb Code    18  stm32f4xx_hal_gpio.o(i.HAL_GPIO_EXTI_IRQHandler)
    HAL_GPIO_Init                            0x08002261   Thumb Code   450  stm32f4xx_hal_gpio.o(i.HAL_GPIO_Init)
    HAL_GPIO_WritePin                        0x08002451   Thumb Code    10  stm32f4xx_hal_gpio.o(i.HAL_GPIO_WritePin)
    HAL_GetTick                              0x0800245d   Thumb Code     6  stm32f4xx_hal.o(i.HAL_GetTick)
    HAL_I2C_Init                             0x08002469   Thumb Code   376  stm32f4xx_hal_i2c.o(i.HAL_I2C_Init)
    HAL_I2C_Master_Transmit                  0x080025f1   Thumb Code   290  stm32f4xx_hal_i2c.o(i.HAL_I2C_Master_Transmit)
    HAL_I2C_MspInit                          0x0800271d   Thumb Code    92  stm32f4xx_hal_msp.o(i.HAL_I2C_MspInit)
    HAL_IncTick                              0x08002785   Thumb Code    12  stm32f4xx_hal.o(i.HAL_IncTick)
    HAL_Init                                 0x08002795   Thumb Code    48  stm32f4xx_hal.o(i.HAL_Init)
    HAL_InitTick                             0x080027c9   Thumb Code    54  stm32f4xx_hal.o(i.HAL_InitTick)
    HAL_MspInit                              0x08002809   Thumb Code    42  stm32f4xx_hal_msp.o(i.HAL_MspInit)
    HAL_NVIC_EnableIRQ                       0x08002839   Thumb Code    26  stm32f4xx_hal_cortex.o(i.HAL_NVIC_EnableIRQ)
    HAL_NVIC_SetPriority                     0x08002855   Thumb Code    60  stm32f4xx_hal_cortex.o(i.HAL_NVIC_SetPriority)
    HAL_NVIC_SetPriorityGrouping             0x08002895   Thumb Code    26  stm32f4xx_hal_cortex.o(i.HAL_NVIC_SetPriorityGrouping)
    HAL_RCCEx_PeriphCLKConfig                0x080028b9   Thumb Code   296  stm32f4xx_hal_rcc_ex.o(i.HAL_RCCEx_PeriphCLKConfig)
    HAL_RCC_ClockConfig                      0x080029f5   Thumb Code   288  stm32f4xx_hal_rcc.o(i.HAL_RCC_ClockConfig)
    HAL_RCC_GetPCLK1Freq                     0x08002b29   Thumb Code    20  stm32f4xx_hal_rcc.o(i.HAL_RCC_GetPCLK1Freq)
    HAL_RCC_GetPCLK2Freq                     0x08002b49   Thumb Code    20  stm32f4xx_hal_rcc.o(i.HAL_RCC_GetPCLK2Freq)
    HAL_RCC_GetSysClockFreq                  0x08002b69   Thumb Code    88  stm32f4xx_hal_rcc.o(i.HAL_RCC_GetSysClockFreq)
    HAL_RCC_OscConfig                        0x08002bcd   Thumb Code   856  stm32f4xx_hal_rcc.o(i.HAL_RCC_OscConfig)
    HAL_RTCEx_AlarmBEventCallback            0x08002f39   Thumb Code     2  stm32f4xx_hal_rtc_ex.o(i.HAL_RTCEx_AlarmBEventCallback)
    HAL_RTCEx_BKUPRead                       0x08002f3b   Thumb Code    10  stm32f4xx_hal_rtc_ex.o(i.HAL_RTCEx_BKUPRead)
    HAL_RTCEx_BKUPWrite                      0x08002f45   Thumb Code    10  stm32f4xx_hal_rtc_ex.o(i.HAL_RTCEx_BKUPWrite)
    HAL_RTCEx_EnableBypassShadow             0x08002f4f   Thumb Code    56  stm32f4xx_hal_rtc_ex.o(i.HAL_RTCEx_EnableBypassShadow)
    HAL_RTC_AlarmAEventCallback              0x08002f87   Thumb Code     2  stm32f4xx_hal_rtc.o(i.HAL_RTC_AlarmAEventCallback)
    HAL_RTC_AlarmIRQHandler                  0x08002f89   Thumb Code    86  stm32f4xx_hal_rtc.o(i.HAL_RTC_AlarmIRQHandler)
    HAL_RTC_GetDate                          0x08002fe5   Thumb Code    62  stm32f4xx_hal_rtc.o(i.HAL_RTC_GetDate)
    HAL_RTC_GetTime                          0x08003029   Thumb Code    78  stm32f4xx_hal_rtc.o(i.HAL_RTC_GetTime)
    HAL_RTC_Init                             0x0800307d   Thumb Code   136  stm32f4xx_hal_rtc.o(i.HAL_RTC_Init)
    HAL_RTC_MspInit                          0x08003109   Thumb Code    64  stm32f4xx_hal_msp.o(i.HAL_RTC_MspInit)
    HAL_RTC_SetDate                          0x08003151   Thumb Code   146  stm32f4xx_hal_rtc.o(i.HAL_RTC_SetDate)
    HAL_RTC_SetTime                          0x080031e9   Thumb Code   186  stm32f4xx_hal_rtc.o(i.HAL_RTC_SetTime)
    HAL_RTC_WaitForSynchro                   0x080032a9   Thumb Code    54  stm32f4xx_hal_rtc.o(i.HAL_RTC_WaitForSynchro)
    HAL_SYSTICK_Config                       0x080032df   Thumb Code    40  stm32f4xx_hal_cortex.o(i.HAL_SYSTICK_Config)
    HAL_TIMEx_BreakCallback                  0x08003307   Thumb Code     2  stm32f4xx_hal_tim_ex.o(i.HAL_TIMEx_BreakCallback)
    HAL_TIMEx_CommutCallback                 0x08003309   Thumb Code     2  stm32f4xx_hal_tim_ex.o(i.HAL_TIMEx_CommutCallback)
    HAL_TIMEx_MasterConfigSynchronization    0x0800330d   Thumb Code   116  stm32f4xx_hal_tim_ex.o(i.HAL_TIMEx_MasterConfigSynchronization)
    HAL_TIM_Base_Init                        0x0800339d   Thumb Code    90  stm32f4xx_hal_tim.o(i.HAL_TIM_Base_Init)
    HAL_TIM_Base_MspInit                     0x080033f9   Thumb Code    72  stm32f4xx_hal_msp.o(i.HAL_TIM_Base_MspInit)
    HAL_TIM_Base_Start_IT                    0x08003449   Thumb Code   100  stm32f4xx_hal_tim.o(i.HAL_TIM_Base_Start_IT)
    HAL_TIM_ConfigClockSource                0x080034c9   Thumb Code   220  stm32f4xx_hal_tim.o(i.HAL_TIM_ConfigClockSource)
    HAL_TIM_IC_CaptureCallback               0x080035a5   Thumb Code     2  stm32f4xx_hal_tim.o(i.HAL_TIM_IC_CaptureCallback)
    HAL_TIM_IRQHandler                       0x080035a7   Thumb Code   358  stm32f4xx_hal_tim.o(i.HAL_TIM_IRQHandler)
    HAL_TIM_MspPostInit                      0x0800370d   Thumb Code    68  stm32f4xx_hal_msp.o(i.HAL_TIM_MspPostInit)
    HAL_TIM_OC_DelayElapsedCallback          0x0800375d   Thumb Code     2  stm32f4xx_hal_tim.o(i.HAL_TIM_OC_DelayElapsedCallback)
    HAL_TIM_PWM_ConfigChannel                0x0800375f   Thumb Code   204  stm32f4xx_hal_tim.o(i.HAL_TIM_PWM_ConfigChannel)
    HAL_TIM_PWM_Init                         0x0800382b   Thumb Code    90  stm32f4xx_hal_tim.o(i.HAL_TIM_PWM_Init)
    HAL_TIM_PWM_MspInit                      0x08003885   Thumb Code     2  stm32f4xx_hal_tim.o(i.HAL_TIM_PWM_MspInit)
    HAL_TIM_PWM_PulseFinishedCallback        0x08003887   Thumb Code     2  stm32f4xx_hal_tim.o(i.HAL_TIM_PWM_PulseFinishedCallback)
    HAL_TIM_PWM_Start                        0x08003889   Thumb Code   172  stm32f4xx_hal_tim.o(i.HAL_TIM_PWM_Start)
    HAL_TIM_PeriodElapsedCallback            0x08003951   Thumb Code    14  main.o(i.HAL_TIM_PeriodElapsedCallback)
    HAL_TIM_TriggerCallback                  0x0800395f   Thumb Code     2  stm32f4xx_hal_tim.o(i.HAL_TIM_TriggerCallback)
    HAL_UARTEx_RxEventCallback               0x08003961   Thumb Code     2  stm32f4xx_hal_uart.o(i.HAL_UARTEx_RxEventCallback)
    HAL_UART_ErrorCallback                   0x08003963   Thumb Code     2  stm32f4xx_hal_uart.o(i.HAL_UART_ErrorCallback)
    HAL_UART_IRQHandler                      0x08003965   Thumb Code   610  stm32f4xx_hal_uart.o(i.HAL_UART_IRQHandler)
    HAL_UART_Init                            0x08003bcd   Thumb Code    98  stm32f4xx_hal_uart.o(i.HAL_UART_Init)
    HAL_UART_MspInit                         0x08003c31   Thumb Code   110  stm32f4xx_hal_msp.o(i.HAL_UART_MspInit)
    HAL_UART_Receive_IT                      0x08003cad   Thumb Code    42  stm32f4xx_hal_uart.o(i.HAL_UART_Receive_IT)
    HAL_UART_RxCpltCallback                  0x08003cd9   Thumb Code   200  main.o(i.HAL_UART_RxCpltCallback)
    HAL_UART_TxCpltCallback                  0x08003da9   Thumb Code     2  stm32f4xx_hal_uart.o(i.HAL_UART_TxCpltCallback)
    HardFault_Handler                        0x08003dab   Thumb Code     2  stm32f4xx_it.o(i.HardFault_Handler)
    MemManage_Handler                        0x080042d5   Thumb Code     2  stm32f4xx_it.o(i.MemManage_Handler)
    Mode_dh                                  0x080042d9   Thumb Code    40  main.o(i.Mode_dh)
    NMI_Handler                              0x08004305   Thumb Code     2  stm32f4xx_it.o(i.NMI_Handler)
    PendSV_Handler                           0x08004307   Thumb Code     2  stm32f4xx_it.o(i.PendSV_Handler)
    RTC_Alarm_IRQHandler                     0x08004309   Thumb Code     6  stm32f4xx_it.o(i.RTC_Alarm_IRQHandler)
    RTC_Bcd2ToByte                           0x08004315   Thumb Code    18  stm32f4xx_hal_rtc.o(i.RTC_Bcd2ToByte)
    RTC_ByteToBcd2                           0x08004327   Thumb Code    24  stm32f4xx_hal_rtc.o(i.RTC_ByteToBcd2)
    RTC_EnterInitMode                        0x08004341   Thumb Code    72  stm32f4xx_hal_rtc.o(i.RTC_EnterInitMode)
    RTC_ExitInitMode                         0x08004389   Thumb Code    42  stm32f4xx_hal_rtc.o(i.RTC_ExitInitMode)
    SVC_Handler                              0x080043b3   Thumb Code     2  stm32f4xx_it.o(i.SVC_Handler)
    SysTick_Handler                          0x080043b5   Thumb Code     4  stm32f4xx_it.o(i.SysTick_Handler)
    SystemClock_Config                       0x080043b9   Thumb Code   144  main.o(i.SystemClock_Config)
    SystemInit                               0x08004451   Thumb Code    12  system_stm32f4xx.o(i.SystemInit)
    TIM2_IRQHandler                          0x08004461   Thumb Code     6  stm32f4xx_it.o(i.TIM2_IRQHandler)
    TIM_Base_SetConfig                       0x0800446d   Thumb Code   156  stm32f4xx_hal_tim.o(i.TIM_Base_SetConfig)
    TIM_CCxChannelCmd                        0x08004535   Thumb Code    26  stm32f4xx_hal_tim.o(i.TIM_CCxChannelCmd)
    TIM_ETR_SetConfig                        0x0800454f   Thumb Code    20  stm32f4xx_hal_tim.o(i.TIM_ETR_SetConfig)
    TIM_OC2_SetConfig                        0x080045d5   Thumb Code    98  stm32f4xx_hal_tim.o(i.TIM_OC2_SetConfig)
    UART_Start_Receive_IT                    0x08004969   Thumb Code    58  stm32f4xx_hal_uart.o(i.UART_Start_Receive_IT)
    USART1_IRQHandler                        0x080049a5   Thumb Code     6  stm32f4xx_it.o(i.USART1_IRQHandler)
    Update_time                              0x080049b1   Thumb Code   138  main.o(i.Update_time)
    Update_time_esp                          0x08004a49   Thumb Code   134  main.o(i.Update_time_esp)
    UsageFault_Handler                       0x08004add   Thumb Code     2  stm32f4xx_it.o(i.UsageFault_Handler)
    __ARM_fpclassify                         0x08004adf   Thumb Code    48  fpclassify.o(i.__ARM_fpclassify)
    __hardfp_cos                             0x08004b31   Thumb Code   180  cos.o(i.__hardfp_cos)
    __hardfp_sin                             0x08004bf9   Thumb Code   180  sin.o(i.__hardfp_sin)
    __ieee754_rem_pio2                       0x08004cc1   Thumb Code   938  rred.o(i.__ieee754_rem_pio2)
    __kernel_cos                             0x080050f9   Thumb Code   322  cos_i.o(i.__kernel_cos)
    __kernel_poly                            0x08005269   Thumb Code   248  poly.o(i.__kernel_poly)
    __kernel_sin                             0x08005361   Thumb Code   280  sin_i.o(i.__kernel_sin)
    __mathlib_dbl_infnan                     0x08005491   Thumb Code    20  dunder.o(i.__mathlib_dbl_infnan)
    __mathlib_dbl_invalid                    0x080054a9   Thumb Code    24  dunder.o(i.__mathlib_dbl_invalid)
    __mathlib_dbl_underflow                  0x080054c9   Thumb Code    24  dunder.o(i.__mathlib_dbl_underflow)
    _is_digit                                0x080054e9   Thumb Code    14  __printf_wp.o(i._is_digit)
    dongho_kim                               0x080054f9   Thumb Code   182  main.o(i.dongho_kim)
    dongho_so                                0x080055cd   Thumb Code   340  main.o(i.dongho_so)
    fabs                                     0x0800574d   Thumb Code    24  fabs.o(i.fabs)
    glcd_circle                              0x08005765   Thumb Code   376  main.o(i.glcd_circle)
    glcd_line                                0x080058dd   Thumb Code   236  main.o(i.glcd_line)
    glcd_text45                              0x080059c9   Thumb Code   250  main.o(i.glcd_text45)
    glcd_text57                              0x08005ac9   Thumb Code   270  main.o(i.glcd_text57)
    khoitaoRGB                               0x08005bdd   Thumb Code    42  main.o(i.khoitaoRGB)
    lcd_init                                 0x08005c0d   Thumb Code   120  i2c-lcd.o(i.lcd_init)
    lcd_send_cmd                             0x08005c85   Thumb Code    58  i2c-lcd.o(i.lcd_send_cmd)
    main                                     0x08005cc5   Thumb Code   258  main.o(i.main)
    manhinh_chinhsua                         0x08005de1   Thumb Code   670  main.o(i.manhinh_chinhsua)
    matrix_pixel_xy                          0x080060c5   Thumb Code    36  main.o(i.matrix_pixel_xy)
    scan16S                                  0x080060ed   Thumb Code    96  main.o(i.scan16S)
    set_time                                 0x08006189   Thumb Code   100  main.o(i.set_time)
    update                                   0x080061f1   Thumb Code   386  main.o(i.update)
    ve_3kim                                  0x0800637d   Thumb Code   136  main.o(i.ve_3kim)
    ve_kim_giay                              0x08006409   Thumb Code   566  main.o(i.ve_kim_giay)
    ve_kim_gio                               0x0800664d   Thumb Code   552  main.o(i.ve_kim_gio)
    ve_kim_phut                              0x08006881   Thumb Code   552  main.o(i.ve_kim_phut)
    ve_so_donghokim                          0x08006ab5   Thumb Code   232  main.o(i.ve_so_donghokim)
    xoa_2so                                  0x08006bc5   Thumb Code    80  main.o(i.xoa_2so)
    xuatmaled                                0x08006c19   Thumb Code   158  main.o(i.xuatmaled)
    _get_lc_numeric                          0x08006ccd   Thumb Code    44  lc_numeric_c.o(locale$$code)
    _get_lc_ctype                            0x08006cf9   Thumb Code    44  lc_ctype_c.o(locale$$code)
    __aeabi_dneg                             0x08006d25   Thumb Code     0  basic.o(x$fpl$basic)
    _dneg                                    0x08006d25   Thumb Code     6  basic.o(x$fpl$basic)
    __aeabi_fneg                             0x08006d2b   Thumb Code     0  basic.o(x$fpl$basic)
    _fneg                                    0x08006d2b   Thumb Code     6  basic.o(x$fpl$basic)
    _dabs                                    0x08006d31   Thumb Code     6  basic.o(x$fpl$basic)
    _fabs                                    0x08006d37   Thumb Code     6  basic.o(x$fpl$basic)
    __aeabi_dadd                             0x08006d3d   Thumb Code     0  daddsub_clz.o(x$fpl$dadd)
    _dadd                                    0x08006d3d   Thumb Code   332  daddsub_clz.o(x$fpl$dadd)
    __aeabi_ddiv                             0x08006e8d   Thumb Code     0  ddiv.o(x$fpl$ddiv)
    _ddiv                                    0x08006e8d   Thumb Code   552  ddiv.o(x$fpl$ddiv)
    __aeabi_d2iz                             0x0800713d   Thumb Code     0  dfix.o(x$fpl$dfix)
    _dfix                                    0x0800713d   Thumb Code    94  dfix.o(x$fpl$dfix)
    __aeabi_i2d                              0x0800719b   Thumb Code     0  dflt_clz.o(x$fpl$dflt)
    _dflt                                    0x0800719b   Thumb Code    46  dflt_clz.o(x$fpl$dflt)
    __aeabi_ui2d                             0x080071c9   Thumb Code     0  dflt_clz.o(x$fpl$dfltu)
    _dfltu                                   0x080071c9   Thumb Code    38  dflt_clz.o(x$fpl$dfltu)
    __aeabi_dmul                             0x080071f1   Thumb Code     0  dmul.o(x$fpl$dmul)
    _dmul                                    0x080071f1   Thumb Code   332  dmul.o(x$fpl$dmul)
    __fpl_dnaninf                            0x08007345   Thumb Code   156  dnaninf.o(x$fpl$dnaninf)
    __fpl_dretinf                            0x080073e1   Thumb Code    12  dretinf.o(x$fpl$dretinf)
    __aeabi_drsub                            0x080073ed   Thumb Code     0  daddsub_clz.o(x$fpl$drsb)
    _drsb                                    0x080073ed   Thumb Code    22  daddsub_clz.o(x$fpl$drsb)
    __aeabi_dsub                             0x08007405   Thumb Code     0  daddsub_clz.o(x$fpl$dsub)
    _dsub                                    0x08007405   Thumb Code   464  daddsub_clz.o(x$fpl$dsub)
    __aeabi_f2d                              0x080075d9   Thumb Code     0  f2d.o(x$fpl$f2d)
    _f2d                                     0x080075d9   Thumb Code    86  f2d.o(x$fpl$f2d)
    __fpl_fnaninf                            0x0800762f   Thumb Code   140  fnaninf.o(x$fpl$fnaninf)
    _fp_init                                 0x080076bb   Thumb Code    10  fpinit.o(x$fpl$fpinit)
    __fplib_config_fpu_vfp                   0x080076c3   Thumb Code     0  fpinit.o(x$fpl$fpinit)
    __fplib_config_pureend_doubles           0x080076c3   Thumb Code     0  fpinit.o(x$fpl$fpinit)
    _printf_fp_dec                           0x080076c5   Thumb Code     4  printf1.o(x$fpl$printf1)
    _printf_fp_hex                           0x080076c9   Thumb Code     4  printf2.o(x$fpl$printf2)
    __I$use$fp                               0x080076cc   Number         0  usenofp.o(x$fpl$usenofp)
    scan_data                                0x080076cc   Data          16  main.o(.constdata)
    FONT                                     0x080076dc   Data         255  main.o(.constdata)
    FONT2                                    0x080077db   Data         225  main.o(.constdata)
    FONT4x5                                  0x080078bc   Data          55  main.o(.constdata)
    AHBPrescTable                            0x0800792c   Data          16  system_stm32f4xx.o(.constdata)
    APBPrescTable                            0x0800793c   Data           8  system_stm32f4xx.o(.constdata)
    Region$$Table$$Base                      0x08007ba8   Number         0  anon$$obj.o(Region$$Table)
    Region$$Table$$Limit                     0x08007bc8   Number         0  anon$$obj.o(Region$$Table)
    __ctype                                  0x08007bf1   Data           0  lc_ctype_c.o(locale$$data)
    vitri_bit                                0x20000000   Data           1  main.o(.data)
    hang_led                                 0x20000001   Data           1  main.o(.data)
    ena_chinh                                0x20000002   Data           1  main.o(.data)
    chon_dh                                  0x20000003   Data           1  main.o(.data)
    a                                        0x20000004   Data           1  main.o(.data)
    gio                                      0x20000005   Data           1  main.o(.data)
    phut                                     0x20000006   Data           1  main.o(.data)
    giay                                     0x20000007   Data           1  main.o(.data)
    ngay                                     0x20000008   Data           1  main.o(.data)
    thang                                    0x20000009   Data           1  main.o(.data)
    nam                                      0x2000000a   Data           1  main.o(.data)
    thu                                      0x2000000b   Data           1  main.o(.data)
    gio_ht                                   0x2000000c   Data           1  main.o(.data)
    phut_ht                                  0x2000000d   Data           1  main.o(.data)
    giay_ht                                  0x2000000e   Data           1  main.o(.data)
    thu_ht                                   0x2000000f   Data           1  main.o(.data)
    ngay_ht                                  0x20000010   Data           1  main.o(.data)
    thang_ht                                 0x20000011   Data           1  main.o(.data)
    nam_ht                                   0x20000012   Data           1  main.o(.data)
    gio_esp                                  0x20000013   Data           1  main.o(.data)
    phut_esp                                 0x20000014   Data           1  main.o(.data)
    giay_esp                                 0x20000015   Data           1  main.o(.data)
    thu_esp                                  0x20000016   Data           1  main.o(.data)
    ngay_esp                                 0x20000017   Data           1  main.o(.data)
    thang_esp                                0x20000018   Data           1  main.o(.data)
    nam_esp                                  0x20000019   Data           1  main.o(.data)
    TT_wifi                                  0x2000001a   Data           1  main.o(.data)
    chinh_phut                               0x2000001b   Data           1  main.o(.data)
    chinh_giay                               0x2000001c   Data           1  main.o(.data)
    chinh_gio                                0x2000001d   Data           1  main.o(.data)
    chinh_ngay                               0x2000001e   Data           1  main.o(.data)
    chinh_thang                              0x2000001f   Data           1  main.o(.data)
    chinh_nam                                0x20000020   Data           1  main.o(.data)
    chinh_thu                                0x20000021   Data           1  main.o(.data)
    i                                        0x20000024   Data           4  main.o(.data)
    last_interrupt_time                      0x20000028   Data           4  main.o(.data)
    dem1                                     0x2000002c   Data           4  main.o(.data)
    dem2                                     0x20000030   Data           4  main.o(.data)
    radians                                  0x20000034   Data           4  main.o(.data)
    goc                                      0x20000038   Data           4  main.o(.data)
    sDate                                    0x2000003c   Data           4  main.o(.data)
    ntn                                      0x20000040   Data           6  main.o(.data)
    gpg                                      0x20000046   Data           8  main.o(.data)
    uwTickFreq                               0x20000050   Data           1  stm32f4xx_hal.o(.data)
    uwTickPrio                               0x20000054   Data           4  stm32f4xx_hal.o(.data)
    uwTick                                   0x20000058   Data           4  stm32f4xx_hal.o(.data)
    SystemCoreClock                          0x2000005c   Data           4  system_stm32f4xx.o(.data)
    bufferGPIO                               0x20000060   Data       16384  main.o(.bss)
    BufferRGB                                0x20004060   Data       12288  main.o(.bss)
    hi2c1                                    0x20007060   Data          84  main.o(.bss)
    hrtc                                     0x200070b4   Data          32  main.o(.bss)
    huart1                                   0x200070d4   Data          68  main.o(.bss)
    htim2                                    0x20007118   Data          72  main.o(.bss)
    htim3                                    0x20007160   Data          72  main.o(.bss)
    buffer                                   0x200071a8   Data          17  main.o(.bss)
    rx_data                                  0x200071b9   Data          15  main.o(.bss)
    sTime                                    0x200071c8   Data          20  main.o(.bss)
    __libspace_start                         0x200071dc   Data          96  libspace.o(.bss)
    __temporary_stack_top$libspace           0x2000723c   Data           0  libspace.o(.bss)



==============================================================================

Memory Map of the image

  Image Entry point : 0x08000189

  Load Region LR_IROM1 (Base: 0x08000000, Size: 0x00007d54, Max: 0x00080000, ABSOLUTE)

    Execution Region ER_IROM1 (Exec base: 0x08000000, Load base: 0x08000000, Size: 0x00007cf4, Max: 0x00080000, ABSOLUTE)

    Exec Addr    Load Addr    Size         Type   Attr      Idx    E Section Name        Object

    0x08000000   0x08000000   0x00000188   Data   RO            3    RESET               startup_stm32f407xx.o
    0x08000188   0x08000188   0x00000008   Code   RO         4060  * !!!main             c_w.l(__main.o)
    0x08000190   0x08000190   0x00000034   Code   RO         4462    !!!scatter          c_w.l(__scatter.o)
    0x080001c4   0x080001c4   0x0000001a   Code   RO         4464    !!handler_copy      c_w.l(__scatter_copy.o)
    0x080001de   0x080001de   0x00000002   PAD
    0x080001e0   0x080001e0   0x0000001c   Code   RO         4466    !!handler_zi        c_w.l(__scatter_zi.o)
    0x080001fc   0x080001fc   0x00000000   Code   RO         4053    .ARM.Collect$$_printf_percent$$00000000  c_w.l(_printf_percent.o)
    0x080001fc   0x080001fc   0x00000006   Code   RO         4159    .ARM.Collect$$_printf_percent$$00000001  c_w.l(_printf_n.o)
    0x08000202   0x08000202   0x00000006   Code   RO         4161    .ARM.Collect$$_printf_percent$$00000002  c_w.l(_printf_p.o)
    0x08000208   0x08000208   0x00000006   Code   RO         4165    .ARM.Collect$$_printf_percent$$00000003  c_w.l(_printf_f.o)
    0x0800020e   0x0800020e   0x00000006   Code   RO         4166    .ARM.Collect$$_printf_percent$$00000004  c_w.l(_printf_e.o)
    0x08000214   0x08000214   0x00000006   Code   RO         4167    .ARM.Collect$$_printf_percent$$00000005  c_w.l(_printf_g.o)
    0x0800021a   0x0800021a   0x00000006   Code   RO         4168    .ARM.Collect$$_printf_percent$$00000006  c_w.l(_printf_a.o)
    0x08000220   0x08000220   0x0000000a   Code   RO         4173    .ARM.Collect$$_printf_percent$$00000007  c_w.l(_printf_ll.o)
    0x0800022a   0x0800022a   0x00000006   Code   RO         4163    .ARM.Collect$$_printf_percent$$00000008  c_w.l(_printf_i.o)
    0x08000230   0x08000230   0x00000006   Code   RO         4052    .ARM.Collect$$_printf_percent$$00000009  c_w.l(_printf_d.o)
    0x08000236   0x08000236   0x00000006   Code   RO         4164    .ARM.Collect$$_printf_percent$$0000000A  c_w.l(_printf_u.o)
    0x0800023c   0x0800023c   0x00000006   Code   RO         4162    .ARM.Collect$$_printf_percent$$0000000B  c_w.l(_printf_o.o)
    0x08000242   0x08000242   0x00000006   Code   RO         4160    .ARM.Collect$$_printf_percent$$0000000C  c_w.l(_printf_x.o)
    0x08000248   0x08000248   0x00000006   Code   RO         4170    .ARM.Collect$$_printf_percent$$0000000D  c_w.l(_printf_lli.o)
    0x0800024e   0x0800024e   0x00000006   Code   RO         4171    .ARM.Collect$$_printf_percent$$0000000E  c_w.l(_printf_lld.o)
    0x08000254   0x08000254   0x00000006   Code   RO         4172    .ARM.Collect$$_printf_percent$$0000000F  c_w.l(_printf_llu.o)
    0x0800025a   0x0800025a   0x00000006   Code   RO         4177    .ARM.Collect$$_printf_percent$$00000010  c_w.l(_printf_llo.o)
    0x08000260   0x08000260   0x00000006   Code   RO         4178    .ARM.Collect$$_printf_percent$$00000011  c_w.l(_printf_llx.o)
    0x08000266   0x08000266   0x0000000a   Code   RO         4174    .ARM.Collect$$_printf_percent$$00000012  c_w.l(_printf_l.o)
    0x08000270   0x08000270   0x00000006   Code   RO         4157    .ARM.Collect$$_printf_percent$$00000013  c_w.l(_printf_c.o)
    0x08000276   0x08000276   0x00000006   Code   RO         4158    .ARM.Collect$$_printf_percent$$00000014  c_w.l(_printf_s.o)
    0x0800027c   0x0800027c   0x00000006   Code   RO         4175    .ARM.Collect$$_printf_percent$$00000015  c_w.l(_printf_lc.o)
    0x08000282   0x08000282   0x00000006   Code   RO         4176    .ARM.Collect$$_printf_percent$$00000016  c_w.l(_printf_ls.o)
    0x08000288   0x08000288   0x00000004   Code   RO         4169    .ARM.Collect$$_printf_percent$$00000017  c_w.l(_printf_percent_end.o)
    0x0800028c   0x0800028c   0x00000002   Code   RO         4328    .ARM.Collect$$libinit$$00000000  c_w.l(libinit.o)
    0x0800028e   0x0800028e   0x00000004   Code   RO         4344    .ARM.Collect$$libinit$$00000001  c_w.l(libinit2.o)
    0x08000292   0x08000292   0x00000000   Code   RO         4347    .ARM.Collect$$libinit$$00000004  c_w.l(libinit2.o)
    0x08000292   0x08000292   0x00000000   Code   RO         4350    .ARM.Collect$$libinit$$0000000A  c_w.l(libinit2.o)
    0x08000292   0x08000292   0x00000000   Code   RO         4352    .ARM.Collect$$libinit$$0000000C  c_w.l(libinit2.o)
    0x08000292   0x08000292   0x00000000   Code   RO         4354    .ARM.Collect$$libinit$$0000000E  c_w.l(libinit2.o)
    0x08000292   0x08000292   0x00000006   Code   RO         4355    .ARM.Collect$$libinit$$0000000F  c_w.l(libinit2.o)
    0x08000298   0x08000298   0x00000000   Code   RO         4357    .ARM.Collect$$libinit$$00000011  c_w.l(libinit2.o)
    0x08000298   0x08000298   0x0000000c   Code   RO         4358    .ARM.Collect$$libinit$$00000012  c_w.l(libinit2.o)
    0x080002a4   0x080002a4   0x00000000   Code   RO         4359    .ARM.Collect$$libinit$$00000013  c_w.l(libinit2.o)
    0x080002a4   0x080002a4   0x00000000   Code   RO         4361    .ARM.Collect$$libinit$$00000015  c_w.l(libinit2.o)
    0x080002a4   0x080002a4   0x0000000a   Code   RO         4362    .ARM.Collect$$libinit$$00000016  c_w.l(libinit2.o)
    0x080002ae   0x080002ae   0x00000000   Code   RO         4363    .ARM.Collect$$libinit$$00000017  c_w.l(libinit2.o)
    0x080002ae   0x080002ae   0x00000000   Code   RO         4365    .ARM.Collect$$libinit$$00000019  c_w.l(libinit2.o)
    0x080002ae   0x080002ae   0x00000000   Code   RO         4367    .ARM.Collect$$libinit$$0000001B  c_w.l(libinit2.o)
    0x080002ae   0x080002ae   0x00000000   Code   RO         4369    .ARM.Collect$$libinit$$0000001D  c_w.l(libinit2.o)
    0x080002ae   0x080002ae   0x00000000   Code   RO         4371    .ARM.Collect$$libinit$$0000001F  c_w.l(libinit2.o)
    0x080002ae   0x080002ae   0x00000000   Code   RO         4373    .ARM.Collect$$libinit$$00000021  c_w.l(libinit2.o)
    0x080002ae   0x080002ae   0x00000000   Code   RO         4375    .ARM.Collect$$libinit$$00000023  c_w.l(libinit2.o)
    0x080002ae   0x080002ae   0x00000000   Code   RO         4377    .ARM.Collect$$libinit$$00000025  c_w.l(libinit2.o)
    0x080002ae   0x080002ae   0x00000000   Code   RO         4381    .ARM.Collect$$libinit$$0000002C  c_w.l(libinit2.o)
    0x080002ae   0x080002ae   0x00000000   Code   RO         4383    .ARM.Collect$$libinit$$0000002E  c_w.l(libinit2.o)
    0x080002ae   0x080002ae   0x00000000   Code   RO         4385    .ARM.Collect$$libinit$$00000030  c_w.l(libinit2.o)
    0x080002ae   0x080002ae   0x00000000   Code   RO         4387    .ARM.Collect$$libinit$$00000032  c_w.l(libinit2.o)
    0x080002ae   0x080002ae   0x00000002   Code   RO         4388    .ARM.Collect$$libinit$$00000033  c_w.l(libinit2.o)
    0x080002b0   0x080002b0   0x00000002   Code   RO         4419    .ARM.Collect$$libshutdown$$00000000  c_w.l(libshutdown.o)
    0x080002b2   0x080002b2   0x00000000   Code   RO         4445    .ARM.Collect$$libshutdown$$00000002  c_w.l(libshutdown2.o)
    0x080002b2   0x080002b2   0x00000000   Code   RO         4447    .ARM.Collect$$libshutdown$$00000004  c_w.l(libshutdown2.o)
    0x080002b2   0x080002b2   0x00000000   Code   RO         4450    .ARM.Collect$$libshutdown$$00000007  c_w.l(libshutdown2.o)
    0x080002b2   0x080002b2   0x00000000   Code   RO         4453    .ARM.Collect$$libshutdown$$0000000A  c_w.l(libshutdown2.o)
    0x080002b2   0x080002b2   0x00000000   Code   RO         4455    .ARM.Collect$$libshutdown$$0000000C  c_w.l(libshutdown2.o)
    0x080002b2   0x080002b2   0x00000000   Code   RO         4458    .ARM.Collect$$libshutdown$$0000000F  c_w.l(libshutdown2.o)
    0x080002b2   0x080002b2   0x00000002   Code   RO         4459    .ARM.Collect$$libshutdown$$00000010  c_w.l(libshutdown2.o)
    0x080002b4   0x080002b4   0x00000000   Code   RO         4106    .ARM.Collect$$rtentry$$00000000  c_w.l(__rtentry.o)
    0x080002b4   0x080002b4   0x00000000   Code   RO         4225    .ARM.Collect$$rtentry$$00000002  c_w.l(__rtentry2.o)
    0x080002b4   0x080002b4   0x00000006   Code   RO         4237    .ARM.Collect$$rtentry$$00000004  c_w.l(__rtentry4.o)
    0x080002ba   0x080002ba   0x00000000   Code   RO         4227    .ARM.Collect$$rtentry$$00000009  c_w.l(__rtentry2.o)
    0x080002ba   0x080002ba   0x00000004   Code   RO         4228    .ARM.Collect$$rtentry$$0000000A  c_w.l(__rtentry2.o)
    0x080002be   0x080002be   0x00000000   Code   RO         4230    .ARM.Collect$$rtentry$$0000000C  c_w.l(__rtentry2.o)
    0x080002be   0x080002be   0x00000008   Code   RO         4231    .ARM.Collect$$rtentry$$0000000D  c_w.l(__rtentry2.o)
    0x080002c6   0x080002c6   0x00000002   Code   RO         4331    .ARM.Collect$$rtexit$$00000000  c_w.l(rtexit.o)
    0x080002c8   0x080002c8   0x00000000   Code   RO         4392    .ARM.Collect$$rtexit$$00000002  c_w.l(rtexit2.o)
    0x080002c8   0x080002c8   0x00000004   Code   RO         4393    .ARM.Collect$$rtexit$$00000003  c_w.l(rtexit2.o)
    0x080002cc   0x080002cc   0x00000006   Code   RO         4394    .ARM.Collect$$rtexit$$00000004  c_w.l(rtexit2.o)
    0x080002d2   0x080002d2   0x00000002   PAD
    0x080002d4   0x080002d4   0x00000040   Code   RO            4    .text               startup_stm32f407xx.o
    0x08000314   0x08000314   0x000000ee   Code   RO         4018    .text               c_w.l(lludivv7m.o)
    0x08000402   0x08000402   0x00000002   PAD
    0x08000404   0x08000404   0x0000002c   Code   RO         4020    .text               c_w.l(sprintf.o)
    0x08000430   0x08000430   0x0000002c   Code   RO         4022    .text               c_w.l(__2sprintf.o)
    0x0800045c   0x0800045c   0x0000004e   Code   RO         4028    .text               c_w.l(_printf_pad.o)
    0x080004aa   0x080004aa   0x00000002   PAD
    0x080004ac   0x080004ac   0x00000078   Code   RO         4030    .text               c_w.l(_printf_dec.o)
    0x08000524   0x08000524   0x00000188   Code   RO         4049    .text               c_w.l(__printf_flags_ss_wp.o)
    0x080006ac   0x080006ac   0x00000064   Code   RO         4054    .text               c_w.l(rt_memcpy_w.o)
    0x08000710   0x08000710   0x0000004e   Code   RO         4056    .text               c_w.l(rt_memclr_w.o)
    0x0800075e   0x0800075e   0x00000006   Code   RO         4058    .text               c_w.l(heapauxi.o)
    0x08000764   0x08000764   0x00000016   Code   RO         4111    .text               c_w.l(_rserrno.o)
    0x0800077a   0x0800077a   0x00000024   Code   RO         4113    .text               c_w.l(_printf_truncate.o)
    0x0800079e   0x0800079e   0x00000052   Code   RO         4115    .text               c_w.l(_printf_str.o)
    0x080007f0   0x080007f0   0x000000b2   Code   RO         4117    .text               c_w.l(_printf_intcommon.o)
    0x080008a2   0x080008a2   0x00000028   Code   RO         4119    .text               c_w.l(_printf_charcount.o)
    0x080008ca   0x080008ca   0x00000002   PAD
    0x080008cc   0x080008cc   0x00000030   Code   RO         4121    .text               c_w.l(_printf_char_common.o)
    0x080008fc   0x080008fc   0x0000000a   Code   RO         4123    .text               c_w.l(_sputc.o)
    0x08000906   0x08000906   0x00000002   PAD
    0x08000908   0x08000908   0x000000bc   Code   RO         4125    .text               c_w.l(_printf_wctomb.o)
    0x080009c4   0x080009c4   0x0000007c   Code   RO         4128    .text               c_w.l(_printf_longlong_dec.o)
    0x08000a40   0x08000a40   0x00000070   Code   RO         4134    .text               c_w.l(_printf_oct_int_ll.o)
    0x08000ab0   0x08000ab0   0x00000094   Code   RO         4154    .text               c_w.l(_printf_hex_int_ll_ptr.o)
    0x08000b44   0x08000b44   0x00000008   Code   RO         4244    .text               c_w.l(rt_errno_addr_intlibspace.o)
    0x08000b4c   0x08000b4c   0x0000008a   Code   RO         4246    .text               c_w.l(lludiv10.o)
    0x08000bd6   0x08000bd6   0x0000041e   Code   RO         4248    .text               c_w.l(_printf_fp_dec.o)
    0x08000ff4   0x08000ff4   0x000002fc   Code   RO         4250    .text               c_w.l(_printf_fp_hex.o)
    0x080012f0   0x080012f0   0x0000002c   Code   RO         4255    .text               c_w.l(_printf_char.o)
    0x0800131c   0x0800131c   0x0000002c   Code   RO         4257    .text               c_w.l(_printf_wchar.o)
    0x08001348   0x08001348   0x00000040   Code   RO         4259    .text               c_w.l(_wcrtomb.o)
    0x08001388   0x08001388   0x00000008   Code   RO         4275    .text               c_w.l(libspace.o)
    0x08001390   0x08001390   0x0000004a   Code   RO         4278    .text               c_w.l(sys_stackheap_outer.o)
    0x080013da   0x080013da   0x00000002   PAD
    0x080013dc   0x080013dc   0x00000010   Code   RO         4280    .text               c_w.l(rt_ctype_table.o)
    0x080013ec   0x080013ec   0x00000008   Code   RO         4285    .text               c_w.l(rt_locale_intlibspace.o)
    0x080013f4   0x080013f4   0x00000080   Code   RO         4287    .text               c_w.l(_printf_fp_infnan.o)
    0x08001474   0x08001474   0x000000e4   Code   RO         4289    .text               c_w.l(bigflt0.o)
    0x08001558   0x08001558   0x00000012   Code   RO         4317    .text               c_w.l(exit.o)
    0x0800156a   0x0800156a   0x00000002   PAD
    0x0800156c   0x0800156c   0x00000080   Code   RO         4342    .text               c_w.l(strcmpv7m.o)
    0x080015ec   0x080015ec   0x0000000c   Code   RO         4389    .text               c_w.l(sys_exit.o)
    0x080015f8   0x080015f8   0x00000002   Code   RO         4408    .text               c_w.l(use_no_semi.o)
    0x080015fa   0x080015fa   0x00000000   Code   RO         4410    .text               c_w.l(indicate_semi.o)
    0x080015fa   0x080015fa   0x0000003e   Code   RO         4292    CL$$btod_d2e        c_w.l(btod.o)
    0x08001638   0x08001638   0x00000046   Code   RO         4294    CL$$btod_d2e_denorm_low  c_w.l(btod.o)
    0x0800167e   0x0800167e   0x00000060   Code   RO         4293    CL$$btod_d2e_norm_op1  c_w.l(btod.o)
    0x080016de   0x080016de   0x00000338   Code   RO         4302    CL$$btod_div_common  c_w.l(btod.o)
    0x08001a16   0x08001a16   0x000000dc   Code   RO         4299    CL$$btod_e2e        c_w.l(btod.o)
    0x08001af2   0x08001af2   0x0000002a   Code   RO         4296    CL$$btod_ediv       c_w.l(btod.o)
    0x08001b1c   0x08001b1c   0x0000002a   Code   RO         4295    CL$$btod_emul       c_w.l(btod.o)
    0x08001b46   0x08001b46   0x00000244   Code   RO         4301    CL$$btod_mult_common  c_w.l(btod.o)
    0x08001d8a   0x08001d8a   0x00000002   Code   RO          414    i.BusFault_Handler  stm32f4xx_it.o
    0x08001d8c   0x08001d8c   0x00000002   Code   RO          415    i.DebugMon_Handler  stm32f4xx_it.o
    0x08001d8e   0x08001d8e   0x00000006   Code   RO          416    i.EXTI0_IRQHandler  stm32f4xx_it.o
    0x08001d94   0x08001d94   0x00000006   Code   RO          417    i.EXTI2_IRQHandler  stm32f4xx_it.o
    0x08001d9a   0x08001d9a   0x00000006   Code   RO          418    i.EXTI3_IRQHandler  stm32f4xx_it.o
    0x08001da0   0x08001da0   0x00000006   Code   RO          419    i.EXTI4_IRQHandler  stm32f4xx_it.o
    0x08001da6   0x08001da6   0x00000004   Code   RO           13    i.Error_Handler     main.o
    0x08001daa   0x08001daa   0x00000002   PAD
    0x08001dac   0x08001dac   0x00000152   Code   RO           14    i.GrTriangleDrawFill  main.o
    0x08001efe   0x08001efe   0x00000092   Code   RO         1522    i.HAL_DMA_Abort     stm32f4xx_hal_dma.o
    0x08001f90   0x08001f90   0x00000024   Code   RO         1523    i.HAL_DMA_Abort_IT  stm32f4xx_hal_dma.o
    0x08001fb4   0x08001fb4   0x00000024   Code   RO         1941    i.HAL_Delay         stm32f4xx_hal.o
    0x08001fd8   0x08001fd8   0x00000270   Code   RO           15    i.HAL_GPIO_EXTI_Callback  main.o
    0x08002248   0x08002248   0x00000018   Code   RO         1414    i.HAL_GPIO_EXTI_IRQHandler  stm32f4xx_hal_gpio.o
    0x08002260   0x08002260   0x000001f0   Code   RO         1415    i.HAL_GPIO_Init     stm32f4xx_hal_gpio.o
    0x08002450   0x08002450   0x0000000a   Code   RO         1419    i.HAL_GPIO_WritePin  stm32f4xx_hal_gpio.o
    0x0800245a   0x0800245a   0x00000002   PAD
    0x0800245c   0x0800245c   0x0000000c   Code   RO         1947    i.HAL_GetTick       stm32f4xx_hal.o
    0x08002468   0x08002468   0x00000188   Code   RO          621    i.HAL_I2C_Init      stm32f4xx_hal_i2c.o
    0x080025f0   0x080025f0   0x0000012c   Code   RO          634    i.HAL_I2C_Master_Transmit  stm32f4xx_hal_i2c.o
    0x0800271c   0x0800271c   0x00000068   Code   RO          533    i.HAL_I2C_MspInit   stm32f4xx_hal_msp.o
    0x08002784   0x08002784   0x00000010   Code   RO         1953    i.HAL_IncTick       stm32f4xx_hal.o
    0x08002794   0x08002794   0x00000034   Code   RO         1954    i.HAL_Init          stm32f4xx_hal.o
    0x080027c8   0x080027c8   0x00000040   Code   RO         1955    i.HAL_InitTick      stm32f4xx_hal.o
    0x08002808   0x08002808   0x00000030   Code   RO          534    i.HAL_MspInit       stm32f4xx_hal_msp.o
    0x08002838   0x08002838   0x0000001a   Code   RO         1804    i.HAL_NVIC_EnableIRQ  stm32f4xx_hal_cortex.o
    0x08002852   0x08002852   0x00000002   PAD
    0x08002854   0x08002854   0x00000040   Code   RO         1810    i.HAL_NVIC_SetPriority  stm32f4xx_hal_cortex.o
    0x08002894   0x08002894   0x00000024   Code   RO         1811    i.HAL_NVIC_SetPriorityGrouping  stm32f4xx_hal_cortex.o
    0x080028b8   0x080028b8   0x0000013c   Code   RO         1166    i.HAL_RCCEx_PeriphCLKConfig  stm32f4xx_hal_rcc_ex.o
    0x080029f4   0x080029f4   0x00000134   Code   RO         1061    i.HAL_RCC_ClockConfig  stm32f4xx_hal_rcc.o
    0x08002b28   0x08002b28   0x00000020   Code   RO         1068    i.HAL_RCC_GetPCLK1Freq  stm32f4xx_hal_rcc.o
    0x08002b48   0x08002b48   0x00000020   Code   RO         1069    i.HAL_RCC_GetPCLK2Freq  stm32f4xx_hal_rcc.o
    0x08002b68   0x08002b68   0x00000064   Code   RO         1070    i.HAL_RCC_GetSysClockFreq  stm32f4xx_hal_rcc.o
    0x08002bcc   0x08002bcc   0x0000036c   Code   RO         1073    i.HAL_RCC_OscConfig  stm32f4xx_hal_rcc.o
    0x08002f38   0x08002f38   0x00000002   Code   RO         2365    i.HAL_RTCEx_AlarmBEventCallback  stm32f4xx_hal_rtc_ex.o
    0x08002f3a   0x08002f3a   0x0000000a   Code   RO         2366    i.HAL_RTCEx_BKUPRead  stm32f4xx_hal_rtc_ex.o
    0x08002f44   0x08002f44   0x0000000a   Code   RO         2367    i.HAL_RTCEx_BKUPWrite  stm32f4xx_hal_rtc_ex.o
    0x08002f4e   0x08002f4e   0x00000038   Code   RO         2375    i.HAL_RTCEx_EnableBypassShadow  stm32f4xx_hal_rtc_ex.o
    0x08002f86   0x08002f86   0x00000002   Code   RO         2192    i.HAL_RTC_AlarmAEventCallback  stm32f4xx_hal_rtc.o
    0x08002f88   0x08002f88   0x0000005c   Code   RO         2193    i.HAL_RTC_AlarmIRQHandler  stm32f4xx_hal_rtc.o
    0x08002fe4   0x08002fe4   0x00000044   Code   RO         2202    i.HAL_RTC_GetDate   stm32f4xx_hal_rtc.o
    0x08003028   0x08003028   0x00000054   Code   RO         2204    i.HAL_RTC_GetTime   stm32f4xx_hal_rtc.o
    0x0800307c   0x0800307c   0x0000008c   Code   RO         2205    i.HAL_RTC_Init      stm32f4xx_hal_rtc.o
    0x08003108   0x08003108   0x00000048   Code   RO          536    i.HAL_RTC_MspInit   stm32f4xx_hal_msp.o
    0x08003150   0x08003150   0x00000098   Code   RO         2211    i.HAL_RTC_SetDate   stm32f4xx_hal_rtc.o
    0x080031e8   0x080031e8   0x000000c0   Code   RO         2212    i.HAL_RTC_SetTime   stm32f4xx_hal_rtc.o
    0x080032a8   0x080032a8   0x00000036   Code   RO         2213    i.HAL_RTC_WaitForSynchro  stm32f4xx_hal_rtc.o
    0x080032de   0x080032de   0x00000028   Code   RO         1815    i.HAL_SYSTICK_Config  stm32f4xx_hal_cortex.o
    0x08003306   0x08003306   0x00000002   Code   RO         3299    i.HAL_TIMEx_BreakCallback  stm32f4xx_hal_tim_ex.o
    0x08003308   0x08003308   0x00000002   Code   RO         3300    i.HAL_TIMEx_CommutCallback  stm32f4xx_hal_tim_ex.o
    0x0800330a   0x0800330a   0x00000002   PAD
    0x0800330c   0x0800330c   0x00000090   Code   RO         3318    i.HAL_TIMEx_MasterConfigSynchronization  stm32f4xx_hal_tim_ex.o
    0x0800339c   0x0800339c   0x0000005a   Code   RO         2595    i.HAL_TIM_Base_Init  stm32f4xx_hal_tim.o
    0x080033f6   0x080033f6   0x00000002   PAD
    0x080033f8   0x080033f8   0x00000050   Code   RO          538    i.HAL_TIM_Base_MspInit  stm32f4xx_hal_msp.o
    0x08003448   0x08003448   0x00000080   Code   RO         2600    i.HAL_TIM_Base_Start_IT  stm32f4xx_hal_tim.o
    0x080034c8   0x080034c8   0x000000dc   Code   RO         2604    i.HAL_TIM_ConfigClockSource  stm32f4xx_hal_tim.o
    0x080035a4   0x080035a4   0x00000002   Code   RO         2629    i.HAL_TIM_IC_CaptureCallback  stm32f4xx_hal_tim.o
    0x080035a6   0x080035a6   0x00000166   Code   RO         2643    i.HAL_TIM_IRQHandler  stm32f4xx_hal_tim.o
    0x0800370c   0x0800370c   0x00000050   Code   RO          539    i.HAL_TIM_MspPostInit  stm32f4xx_hal_msp.o
    0x0800375c   0x0800375c   0x00000002   Code   RO         2646    i.HAL_TIM_OC_DelayElapsedCallback  stm32f4xx_hal_tim.o
    0x0800375e   0x0800375e   0x000000cc   Code   RO         2667    i.HAL_TIM_PWM_ConfigChannel  stm32f4xx_hal_tim.o
    0x0800382a   0x0800382a   0x0000005a   Code   RO         2670    i.HAL_TIM_PWM_Init  stm32f4xx_hal_tim.o
    0x08003884   0x08003884   0x00000002   Code   RO         2672    i.HAL_TIM_PWM_MspInit  stm32f4xx_hal_tim.o
    0x08003886   0x08003886   0x00000002   Code   RO         2673    i.HAL_TIM_PWM_PulseFinishedCallback  stm32f4xx_hal_tim.o
    0x08003888   0x08003888   0x000000c8   Code   RO         2675    i.HAL_TIM_PWM_Start  stm32f4xx_hal_tim.o
    0x08003950   0x08003950   0x0000000e   Code   RO           16    i.HAL_TIM_PeriodElapsedCallback  main.o
    0x0800395e   0x0800395e   0x00000002   Code   RO         2686    i.HAL_TIM_TriggerCallback  stm32f4xx_hal_tim.o
    0x08003960   0x08003960   0x00000002   Code   RO         3577    i.HAL_UARTEx_RxEventCallback  stm32f4xx_hal_uart.o
    0x08003962   0x08003962   0x00000002   Code   RO         3591    i.HAL_UART_ErrorCallback  stm32f4xx_hal_uart.o
    0x08003964   0x08003964   0x00000268   Code   RO         3594    i.HAL_UART_IRQHandler  stm32f4xx_hal_uart.o
    0x08003bcc   0x08003bcc   0x00000062   Code   RO         3595    i.HAL_UART_Init     stm32f4xx_hal_uart.o
    0x08003c2e   0x08003c2e   0x00000002   PAD
    0x08003c30   0x08003c30   0x0000007c   Code   RO          541    i.HAL_UART_MspInit  stm32f4xx_hal_msp.o
    0x08003cac   0x08003cac   0x0000002a   Code   RO         3600    i.HAL_UART_Receive_IT  stm32f4xx_hal_uart.o
    0x08003cd6   0x08003cd6   0x00000002   PAD
    0x08003cd8   0x08003cd8   0x000000d0   Code   RO           17    i.HAL_UART_RxCpltCallback  main.o
    0x08003da8   0x08003da8   0x00000002   Code   RO         3606    i.HAL_UART_TxCpltCallback  stm32f4xx_hal_uart.o
    0x08003daa   0x08003daa   0x00000002   Code   RO          420    i.HardFault_Handler  stm32f4xx_it.o
    0x08003dac   0x08003dac   0x0000002e   Code   RO          663    i.I2C_IsAcknowledgeFailed  stm32f4xx_hal_i2c.o
    0x08003dda   0x08003dda   0x00000002   PAD
    0x08003ddc   0x08003ddc   0x0000009c   Code   RO          667    i.I2C_MasterRequestWrite  stm32f4xx_hal_i2c.o
    0x08003e78   0x08003e78   0x0000004c   Code   RO          678    i.I2C_WaitOnBTFFlagUntilTimeout  stm32f4xx_hal_i2c.o
    0x08003ec4   0x08003ec4   0x00000068   Code   RO          679    i.I2C_WaitOnFlagUntilTimeout  stm32f4xx_hal_i2c.o
    0x08003f2c   0x08003f2c   0x00000096   Code   RO          680    i.I2C_WaitOnMasterAddressFlagUntilTimeout  stm32f4xx_hal_i2c.o
    0x08003fc2   0x08003fc2   0x0000004c   Code   RO          682    i.I2C_WaitOnTXEFlagUntilTimeout  stm32f4xx_hal_i2c.o
    0x0800400e   0x0800400e   0x00000002   PAD
    0x08004010   0x08004010   0x00000164   Code   RO           18    i.MX_GPIO_Init      main.o
    0x08004174   0x08004174   0x00000064   Code   RO           19    i.MX_RTC_Init       main.o
    0x080041d8   0x080041d8   0x00000064   Code   RO           20    i.MX_TIM2_Init      main.o
    0x0800423c   0x0800423c   0x00000098   Code   RO           21    i.MX_TIM3_Init      main.o
    0x080042d4   0x080042d4   0x00000002   Code   RO          421    i.MemManage_Handler  stm32f4xx_it.o
    0x080042d6   0x080042d6   0x00000002   PAD
    0x080042d8   0x080042d8   0x0000002c   Code   RO           22    i.Mode_dh           main.o
    0x08004304   0x08004304   0x00000002   Code   RO          422    i.NMI_Handler       stm32f4xx_it.o
    0x08004306   0x08004306   0x00000002   Code   RO          423    i.PendSV_Handler    stm32f4xx_it.o
    0x08004308   0x08004308   0x0000000c   Code   RO          424    i.RTC_Alarm_IRQHandler  stm32f4xx_it.o
    0x08004314   0x08004314   0x00000012   Code   RO         2214    i.RTC_Bcd2ToByte    stm32f4xx_hal_rtc.o
    0x08004326   0x08004326   0x00000018   Code   RO         2215    i.RTC_ByteToBcd2    stm32f4xx_hal_rtc.o
    0x0800433e   0x0800433e   0x00000002   PAD
    0x08004340   0x08004340   0x00000048   Code   RO         2216    i.RTC_EnterInitMode  stm32f4xx_hal_rtc.o
    0x08004388   0x08004388   0x0000002a   Code   RO         2217    i.RTC_ExitInitMode  stm32f4xx_hal_rtc.o
    0x080043b2   0x080043b2   0x00000002   Code   RO          425    i.SVC_Handler       stm32f4xx_it.o
    0x080043b4   0x080043b4   0x00000004   Code   RO          426    i.SysTick_Handler   stm32f4xx_it.o
    0x080043b8   0x080043b8   0x00000098   Code   RO           23    i.SystemClock_Config  main.o
    0x08004450   0x08004450   0x00000010   Code   RO         3924    i.SystemInit        system_stm32f4xx.o
    0x08004460   0x08004460   0x0000000c   Code   RO          427    i.TIM2_IRQHandler   stm32f4xx_it.o
    0x0800446c   0x0800446c   0x000000c8   Code   RO         2688    i.TIM_Base_SetConfig  stm32f4xx_hal_tim.o
    0x08004534   0x08004534   0x0000001a   Code   RO         2689    i.TIM_CCxChannelCmd  stm32f4xx_hal_tim.o
    0x0800454e   0x0800454e   0x00000014   Code   RO         2699    i.TIM_ETR_SetConfig  stm32f4xx_hal_tim.o
    0x08004562   0x08004562   0x00000010   Code   RO         2700    i.TIM_ITRx_SetConfig  stm32f4xx_hal_tim.o
    0x08004572   0x08004572   0x00000002   PAD
    0x08004574   0x08004574   0x00000060   Code   RO         2701    i.TIM_OC1_SetConfig  stm32f4xx_hal_tim.o
    0x080045d4   0x080045d4   0x0000006c   Code   RO         2702    i.TIM_OC2_SetConfig  stm32f4xx_hal_tim.o
    0x08004640   0x08004640   0x00000068   Code   RO         2703    i.TIM_OC3_SetConfig  stm32f4xx_hal_tim.o
    0x080046a8   0x080046a8   0x00000050   Code   RO         2704    i.TIM_OC4_SetConfig  stm32f4xx_hal_tim.o
    0x080046f8   0x080046f8   0x00000022   Code   RO         2706    i.TIM_TI1_ConfigInputStage  stm32f4xx_hal_tim.o
    0x0800471a   0x0800471a   0x00000024   Code   RO         2708    i.TIM_TI2_ConfigInputStage  stm32f4xx_hal_tim.o
    0x0800473e   0x0800473e   0x00000010   Code   RO         3608    i.UART_DMAAbortOnError  stm32f4xx_hal_uart.o
    0x0800474e   0x0800474e   0x0000004e   Code   RO         3618    i.UART_EndRxTransfer  stm32f4xx_hal_uart.o
    0x0800479c   0x0800479c   0x000000c0   Code   RO         3620    i.UART_Receive_IT   stm32f4xx_hal_uart.o
    0x0800485c   0x0800485c   0x0000010c   Code   RO         3621    i.UART_SetConfig    stm32f4xx_hal_uart.o
    0x08004968   0x08004968   0x0000003a   Code   RO         3623    i.UART_Start_Receive_IT  stm32f4xx_hal_uart.o
    0x080049a2   0x080049a2   0x00000002   PAD
    0x080049a4   0x080049a4   0x0000000c   Code   RO          428    i.USART1_IRQHandler  stm32f4xx_it.o
    0x080049b0   0x080049b0   0x00000098   Code   RO           24    i.Update_time       main.o
    0x08004a48   0x08004a48   0x00000094   Code   RO           25    i.Update_time_esp   main.o
    0x08004adc   0x08004adc   0x00000002   Code   RO          429    i.UsageFault_Handler  stm32f4xx_it.o
    0x08004ade   0x08004ade   0x00000030   Code   RO         4271    i.__ARM_fpclassify  m_wm.l(fpclassify.o)
    0x08004b0e   0x08004b0e   0x00000020   Code   RO         1817    i.__NVIC_SetPriority  stm32f4xx_hal_cortex.o
    0x08004b2e   0x08004b2e   0x00000002   PAD
    0x08004b30   0x08004b30   0x000000c8   Code   RO         4082    i.__hardfp_cos      m_wm.l(cos.o)
    0x08004bf8   0x08004bf8   0x000000c8   Code   RO         4094    i.__hardfp_sin      m_wm.l(sin.o)
    0x08004cc0   0x08004cc0   0x00000438   Code   RO         4213    i.__ieee754_rem_pio2  m_wm.l(rred.o)
    0x080050f8   0x080050f8   0x00000170   Code   RO         4196    i.__kernel_cos      m_wm.l(cos_i.o)
    0x08005268   0x08005268   0x000000f8   Code   RO         4273    i.__kernel_poly     m_wm.l(poly.o)
    0x08005360   0x08005360   0x00000130   Code   RO         4218    i.__kernel_sin      m_wm.l(sin_i.o)
    0x08005490   0x08005490   0x00000014   Code   RO         4200    i.__mathlib_dbl_infnan  m_wm.l(dunder.o)
    0x080054a4   0x080054a4   0x00000004   PAD
    0x080054a8   0x080054a8   0x00000020   Code   RO         4202    i.__mathlib_dbl_invalid  m_wm.l(dunder.o)
    0x080054c8   0x080054c8   0x00000020   Code   RO         4205    i.__mathlib_dbl_underflow  m_wm.l(dunder.o)
    0x080054e8   0x080054e8   0x0000000e   Code   RO         4042    i._is_digit         c_w.l(__printf_wp.o)
    0x080054f6   0x080054f6   0x00000002   PAD
    0x080054f8   0x080054f8   0x000000d4   Code   RO           27    i.dongho_kim        main.o
    0x080055cc   0x080055cc   0x00000180   Code   RO           28    i.dongho_so         main.o
    0x0800574c   0x0800574c   0x00000018   Code   RO         4267    i.fabs              m_wm.l(fabs.o)
    0x08005764   0x08005764   0x00000178   Code   RO           30    i.glcd_circle       main.o
    0x080058dc   0x080058dc   0x000000ec   Code   RO           31    i.glcd_line         main.o
    0x080059c8   0x080059c8   0x00000100   Code   RO           33    i.glcd_text45       main.o
    0x08005ac8   0x08005ac8   0x00000114   Code   RO           34    i.glcd_text57       main.o
    0x08005bdc   0x08005bdc   0x00000030   Code   RO           35    i.khoitaoRGB        main.o
    0x08005c0c   0x08005c0c   0x00000078   Code   RO         3962    i.lcd_init          i2c-lcd.o
    0x08005c84   0x08005c84   0x00000040   Code   RO         3964    i.lcd_send_cmd      i2c-lcd.o
    0x08005cc4   0x08005cc4   0x0000011c   Code   RO           36    i.main              main.o
    0x08005de0   0x08005de0   0x000002e4   Code   RO           37    i.manhinh_chinhsua  main.o
    0x080060c4   0x080060c4   0x00000028   Code   RO           38    i.matrix_pixel_xy   main.o
    0x080060ec   0x080060ec   0x0000009c   Code   RO           40    i.scan16S           main.o
    0x08006188   0x08006188   0x00000068   Code   RO           43    i.set_time          main.o
    0x080061f0   0x080061f0   0x0000018c   Code   RO           44    i.update            main.o
    0x0800637c   0x0800637c   0x0000008c   Code   RO           45    i.ve_3kim           main.o
    0x08006408   0x08006408   0x00000244   Code   RO           46    i.ve_kim_giay       main.o
    0x0800664c   0x0800664c   0x00000234   Code   RO           47    i.ve_kim_gio        main.o
    0x08006880   0x08006880   0x00000234   Code   RO           48    i.ve_kim_phut       main.o
    0x08006ab4   0x08006ab4   0x00000110   Code   RO           49    i.ve_so_donghokim   main.o
    0x08006bc4   0x08006bc4   0x00000054   Code   RO           51    i.xoa_2so           main.o
    0x08006c18   0x08006c18   0x000000b4   Code   RO           54    i.xuatmaled         main.o
    0x08006ccc   0x08006ccc   0x0000002c   Code   RO         4315    locale$$code        c_w.l(lc_numeric_c.o)
    0x08006cf8   0x08006cf8   0x0000002c   Code   RO         4336    locale$$code        c_w.l(lc_ctype_c.o)
    0x08006d24   0x08006d24   0x00000018   Code   RO         4179    x$fpl$basic         fz_wm.l(basic.o)
    0x08006d3c   0x08006d3c   0x00000150   Code   RO         4062    x$fpl$dadd          fz_wm.l(daddsub_clz.o)
    0x08006e8c   0x08006e8c   0x000002b0   Code   RO         4262    x$fpl$ddiv          fz_wm.l(ddiv.o)
    0x0800713c   0x0800713c   0x0000005e   Code   RO         4068    x$fpl$dfix          fz_wm.l(dfix.o)
    0x0800719a   0x0800719a   0x0000002e   Code   RO         4073    x$fpl$dflt          fz_wm.l(dflt_clz.o)
    0x080071c8   0x080071c8   0x00000026   Code   RO         4072    x$fpl$dfltu         fz_wm.l(dflt_clz.o)
    0x080071ee   0x080071ee   0x00000002   PAD
    0x080071f0   0x080071f0   0x00000154   Code   RO         4078    x$fpl$dmul          fz_wm.l(dmul.o)
    0x08007344   0x08007344   0x0000009c   Code   RO         4181    x$fpl$dnaninf       fz_wm.l(dnaninf.o)
    0x080073e0   0x080073e0   0x0000000c   Code   RO         4183    x$fpl$dretinf       fz_wm.l(dretinf.o)
    0x080073ec   0x080073ec   0x00000016   Code   RO         4063    x$fpl$drsb          fz_wm.l(daddsub_clz.o)
    0x08007402   0x08007402   0x00000002   PAD
    0x08007404   0x08007404   0x000001d4   Code   RO         4064    x$fpl$dsub          fz_wm.l(daddsub_clz.o)
    0x080075d8   0x080075d8   0x00000056   Code   RO         4080    x$fpl$f2d           fz_wm.l(f2d.o)
    0x0800762e   0x0800762e   0x0000008c   Code   RO         4185    x$fpl$fnaninf       fz_wm.l(fnaninf.o)
    0x080076ba   0x080076ba   0x0000000a   Code   RO         4404    x$fpl$fpinit        fz_wm.l(fpinit.o)
    0x080076c4   0x080076c4   0x00000004   Code   RO         4187    x$fpl$printf1       fz_wm.l(printf1.o)
    0x080076c8   0x080076c8   0x00000004   Code   RO         4189    x$fpl$printf2       fz_wm.l(printf2.o)
    0x080076cc   0x080076cc   0x00000000   Code   RO         4195    x$fpl$usenofp       fz_wm.l(usenofp.o)
    0x080076cc   0x080076cc   0x00000260   Data   RO           56    .constdata          main.o
    0x0800792c   0x0800792c   0x00000010   Data   RO         3925    .constdata          system_stm32f4xx.o
    0x0800793c   0x0800793c   0x00000008   Data   RO         3926    .constdata          system_stm32f4xx.o
    0x08007944   0x08007944   0x00000011   Data   RO         4050    .constdata          c_w.l(__printf_flags_ss_wp.o)
    0x08007955   0x08007955   0x00000003   PAD
    0x08007958   0x08007958   0x00000008   Data   RO         4126    .constdata          c_w.l(_printf_wctomb.o)
    0x08007960   0x08007960   0x00000028   Data   RO         4155    .constdata          c_w.l(_printf_hex_int_ll_ptr.o)
    0x08007988   0x08007988   0x00000030   Data   RO         4197    .constdata          m_wm.l(cos_i.o)
    0x080079b8   0x080079b8   0x000000c8   Data   RO         4215    .constdata          m_wm.l(rred.o)
    0x08007a80   0x08007a80   0x00000028   Data   RO         4219    .constdata          m_wm.l(sin_i.o)
    0x08007aa8   0x08007aa8   0x00000026   Data   RO         4251    .constdata          c_w.l(_printf_fp_hex.o)
    0x08007ace   0x08007ace   0x00000002   PAD
    0x08007ad0   0x08007ad0   0x00000094   Data   RO         4290    .constdata          c_w.l(bigflt0.o)
    0x08007b64   0x08007b64   0x00000041   Data   RO           58    .conststring        main.o
    0x08007ba5   0x08007ba5   0x00000003   PAD
    0x08007ba8   0x08007ba8   0x00000020   Data   RO         4460    Region$$Table       anon$$obj.o
    0x08007bc8   0x08007bc8   0x0000001c   Data   RO         4314    locale$$data        c_w.l(lc_numeric_c.o)
    0x08007be4   0x08007be4   0x00000110   Data   RO         4335    locale$$data        c_w.l(lc_ctype_c.o)


    Execution Region RW_IRAM1 (Exec base: 0x20000000, Load base: 0x08007cf4, Size: 0x00007840, Max: 0x0001c000, ABSOLUTE)

    Exec Addr    Load Addr    Size         Type   Attr      Idx    E Section Name        Object

    0x20000000   0x08007cf4   0x0000004e   Data   RW           59    .data               main.o
    0x2000004e   0x08007d42   0x00000002   PAD
    0x20000050   0x08007d44   0x0000000c   Data   RW         1961    .data               stm32f4xx_hal.o
    0x2000005c   0x08007d50   0x00000004   Data   RW         3927    .data               system_stm32f4xx.o
    0x20000060        -       0x0000717c   Zero   RW           55    .bss                main.o
    0x200071dc        -       0x00000060   Zero   RW         4276    .bss                c_w.l(libspace.o)
    0x2000723c   0x08007d54   0x00000004   PAD
    0x20007240        -       0x00000200   Zero   RW            2    HEAP                startup_stm32f407xx.o
    0x20007440        -       0x00000400   Zero   RW            1    STACK               startup_stm32f407xx.o


    Execution Region RW_IRAM2 (Exec base: 0x2001c000, Load base: 0x08007d54, Size: 0x00000000, Max: 0x00004000, ABSOLUTE)

    **** No section assigned to this execution region ****


==============================================================================

Image component sizes


      Code (inc. data)   RO Data    RW Data    ZI Data      Debug   Object Name

       184          6          0          0          0       1206   i2c-lcd.o
      8284        488        673         78      29052     755837   main.o
        64         26        392          0       1536        864   startup_stm32f407xx.o
       180         28          0         12          0       9561   stm32f4xx_hal.o
       198         14          0          0          0      34055   stm32f4xx_hal_cortex.o
       182          0          0          0          0       2159   stm32f4xx_hal_dma.o
       530         52          0          0          0       2899   stm32f4xx_hal_gpio.o
      1300         32          0          0          0       9333   stm32f4xx_hal_i2c.o
       508         60          0          0          0       4422   stm32f4xx_hal_msp.o
      1348         76          0          0          0       5352   stm32f4xx_hal_rcc.o
       316         20          0          0          0       1424   stm32f4xx_hal_rcc_ex.o
       940         34          0          0          0       9627   stm32f4xx_hal_rtc.o
        78          0          0          0          0       3070   stm32f4xx_hal_rtc_ex.o
      2020        136          0          0          0      17342   stm32f4xx_hal_tim.o
       148         28          0          0          0       2529   stm32f4xx_hal_tim_ex.o
      1374         16          0          0          0       9460   stm32f4xx_hal_uart.o
        80         18          0          0          0       7727   stm32f4xx_it.o
        16          4         24          4          0       1187   system_stm32f4xx.o

    ----------------------------------------------------------------------
     17778       1038       1124         96      30588     878054   Object Totals
         0          0         32          0          0          0   (incl. Generated)
        28          0          3          2          0          0   (incl. Padding)

    ----------------------------------------------------------------------

      Code (inc. data)   RO Data    RW Data    ZI Data      Debug   Library Member Name

        44          6          0          0          0         84   __2sprintf.o
         8          0          0          0          0         68   __main.o
       392          4         17          0          0         92   __printf_flags_ss_wp.o
        14          0          0          0          0         68   __printf_wp.o
         0          0          0          0          0          0   __rtentry.o
        12          0          0          0          0          0   __rtentry2.o
         6          0          0          0          0          0   __rtentry4.o
        52          8          0          0          0          0   __scatter.o
        26          0          0          0          0          0   __scatter_copy.o
        28          0          0          0          0          0   __scatter_zi.o
         6          0          0          0          0          0   _printf_a.o
         6          0          0          0          0          0   _printf_c.o
        44          0          0          0          0        108   _printf_char.o
        48          6          0          0          0         96   _printf_char_common.o
        40          0          0          0          0         68   _printf_charcount.o
         6          0          0          0          0          0   _printf_d.o
       120         16          0          0          0         92   _printf_dec.o
         6          0          0          0          0          0   _printf_e.o
         6          0          0          0          0          0   _printf_f.o
      1054          0          0          0          0        216   _printf_fp_dec.o
       764          8         38          0          0        100   _printf_fp_hex.o
       128         16          0          0          0         84   _printf_fp_infnan.o
         6          0          0          0          0          0   _printf_g.o
       148          4         40          0          0        160   _printf_hex_int_ll_ptr.o
         6          0          0          0          0          0   _printf_i.o
       178          0          0          0          0         88   _printf_intcommon.o
        10          0          0          0          0          0   _printf_l.o
         6          0          0          0          0          0   _printf_lc.o
        10          0          0          0          0          0   _printf_ll.o
         6          0          0          0          0          0   _printf_lld.o
         6          0          0          0          0          0   _printf_lli.o
         6          0          0          0          0          0   _printf_llo.o
         6          0          0          0          0          0   _printf_llu.o
         6          0          0          0          0          0   _printf_llx.o
       124         16          0          0          0         92   _printf_longlong_dec.o
         6          0          0          0          0          0   _printf_ls.o
         6          0          0          0          0          0   _printf_n.o
         6          0          0          0          0          0   _printf_o.o
       112         10          0          0          0        124   _printf_oct_int_ll.o
         6          0          0          0          0          0   _printf_p.o
        78          0          0          0          0        108   _printf_pad.o
         0          0          0          0          0          0   _printf_percent.o
         4          0          0          0          0          0   _printf_percent_end.o
         6          0          0          0          0          0   _printf_s.o
        82          0          0          0          0         80   _printf_str.o
        36          0          0          0          0         84   _printf_truncate.o
         6          0          0          0          0          0   _printf_u.o
        44          0          0          0          0        108   _printf_wchar.o
       188          6          8          0          0         92   _printf_wctomb.o
         6          0          0          0          0          0   _printf_x.o
        22          0          0          0          0        100   _rserrno.o
        10          0          0          0          0         68   _sputc.o
        64          0          0          0          0         92   _wcrtomb.o
       228          4        148          0          0         96   bigflt0.o
      1936        128          0          0          0        672   btod.o
        18          0          0          0          0         80   exit.o
         6          0          0          0          0        152   heapauxi.o
         0          0          0          0          0          0   indicate_semi.o
        44         10        272          0          0         76   lc_ctype_c.o
        44         10         28          0          0         76   lc_numeric_c.o
         2          0          0          0          0          0   libinit.o
        34          0          0          0          0          0   libinit2.o
         2          0          0          0          0          0   libshutdown.o
         2          0          0          0          0          0   libshutdown2.o
         8          4          0          0         96         68   libspace.o
       138          0          0          0          0         80   lludiv10.o
       238          0          0          0          0        100   lludivv7m.o
        16          4          0          0          0         76   rt_ctype_table.o
         8          4          0          0          0         68   rt_errno_addr_intlibspace.o
         8          4          0          0          0         68   rt_locale_intlibspace.o
        78          0          0          0          0         80   rt_memclr_w.o
       100          0          0          0          0         80   rt_memcpy_w.o
         2          0          0          0          0          0   rtexit.o
        10          0          0          0          0          0   rtexit2.o
        44          6          0          0          0         84   sprintf.o
       128          0          0          0          0         68   strcmpv7m.o
        12          4          0          0          0         68   sys_exit.o
        74          0          0          0          0         80   sys_stackheap_outer.o
         2          0          0          0          0         68   use_no_semi.o
        24          0          0          0          0        164   basic.o
       826         16          0          0          0        492   daddsub_clz.o
       688        140          0          0          0        256   ddiv.o
        94          4          0          0          0        140   dfix.o
        84          0          0          0          0        232   dflt_clz.o
       340         12          0          0          0        152   dmul.o
       156          4          0          0          0        140   dnaninf.o
        12          0          0          0          0        116   dretinf.o
        86          4          0          0          0        132   f2d.o
       140          4          0          0          0        132   fnaninf.o
        10          0          0          0          0        116   fpinit.o
         4          0          0          0          0        116   printf1.o
         4          0          0          0          0        116   printf2.o
         0          0          0          0          0          0   usenofp.o
       200         20          0          0          0        164   cos.o
       368         46         48          0          0        200   cos_i.o
        84         16          0          0          0        372   dunder.o
        24          0          0          0          0        124   fabs.o
        48          0          0          0          0        124   fpclassify.o
       248          0          0          0          0        152   poly.o
      1080        142        200          0          0        188   rred.o
       200         20          0          0          0        164   sin.o
       304         24         40          0          0        208   sin_i.o

    ----------------------------------------------------------------------
     12242        730        844          0        100       8412   Library Totals
        26          0          5          0          4          0   (incl. Padding)

    ----------------------------------------------------------------------

      Code (inc. data)   RO Data    RW Data    ZI Data      Debug   Library Name

      7192        278        551          0         96       4412   c_w.l
      2468        184          0          0          0       2304   fz_wm.l
      2556        268        288          0          0       1696   m_wm.l

    ----------------------------------------------------------------------
     12242        730        844          0        100       8412   Library Totals

    ----------------------------------------------------------------------

==============================================================================


      Code (inc. data)   RO Data    RW Data    ZI Data      Debug   

     30020       1768       1968         96      30688     868274   Grand Totals
     30020       1768       1968         96      30688     868274   ELF Image Totals
     30020       1768       1968         96          0          0   ROM Totals

==============================================================================

    Total RO  Size (Code + RO Data)                31988 (  31.24kB)
    Total RW  Size (RW Data + ZI Data)             30784 (  30.06kB)
    Total ROM Size (Code + RO Data + RW Data)      32084 (  31.33kB)

==============================================================================

